Component: ARM Compiler 5.06 update 6 (build 750) Tool: armlink [4d35ed]

==============================================================================

Section Cross References

    startup_stm32l476xx.o(RESET) refers to startup_stm32l476xx.o(STACK) for __initial_sp
    startup_stm32l476xx.o(RESET) refers to startup_stm32l476xx.o(.text) for Reset_Handler
    startup_stm32l476xx.o(RESET) refers to stm32l4xx_it.o(i.NMI_Handler) for NMI_Handler
    startup_stm32l476xx.o(RESET) refers to stm32l4xx_it.o(i.HardFault_Handler) for HardFault_Handler
    startup_stm32l476xx.o(RESET) refers to stm32l4xx_it.o(i.MemManage_Handler) for MemManage_Handler
    startup_stm32l476xx.o(RESET) refers to stm32l4xx_it.o(i.BusFault_Handler) for BusFault_Handler
    startup_stm32l476xx.o(RESET) refers to stm32l4xx_it.o(i.UsageFault_Handler) for UsageFault_Handler
    startup_stm32l476xx.o(RESET) refers to stm32l4xx_it.o(i.SVC_Handler) for SVC_Handler
    startup_stm32l476xx.o(RESET) refers to stm32l4xx_it.o(i.DebugMon_Handler) for DebugMon_Handler
    startup_stm32l476xx.o(RESET) refers to stm32l4xx_it.o(i.PendSV_Handler) for PendSV_Handler
    startup_stm32l476xx.o(RESET) refers to stm32l4xx_it.o(i.SysTick_Handler) for SysTick_Handler
    startup_stm32l476xx.o(RESET) refers to stm32l4xx_it.o(i.SDMMC1_IRQHandler) for SDMMC1_IRQHandler
    startup_stm32l476xx.o(.text) refers to system_stm32l4xx.o(i.SystemInit) for SystemInit
    startup_stm32l476xx.o(.text) refers to entry.o(.ARM.Collect$$$$00000000) for __main
    bootloader.o(i.Bootloader_ConfigProtection) refers to memseta.o(.text) for __aeabi_memclr4
    bootloader.o(i.Bootloader_ConfigProtection) refers to stm32l4xx_hal_flash.o(i.HAL_FLASH_Unlock) for HAL_FLASH_Unlock
    bootloader.o(i.Bootloader_ConfigProtection) refers to stm32l4xx_hal_flash.o(i.HAL_FLASH_OB_Unlock) for HAL_FLASH_OB_Unlock
    bootloader.o(i.Bootloader_ConfigProtection) refers to stm32l4xx_hal_flash_ex.o(i.HAL_FLASHEx_OBProgram) for HAL_FLASHEx_OBProgram
    bootloader.o(i.Bootloader_ConfigProtection) refers to stm32l4xx_hal_flash.o(i.HAL_FLASH_OB_Launch) for HAL_FLASH_OB_Launch
    bootloader.o(i.Bootloader_ConfigProtection) refers to stm32l4xx_hal_flash.o(i.HAL_FLASH_OB_Lock) for HAL_FLASH_OB_Lock
    bootloader.o(i.Bootloader_ConfigProtection) refers to stm32l4xx_hal_flash.o(i.HAL_FLASH_Lock) for HAL_FLASH_Lock
    bootloader.o(i.Bootloader_Erase) refers to stm32l4xx_hal_flash.o(i.HAL_FLASH_Unlock) for HAL_FLASH_Unlock
    bootloader.o(i.Bootloader_Erase) refers to stm32l4xx_hal_flash_ex.o(i.HAL_FLASHEx_Erase) for HAL_FLASHEx_Erase
    bootloader.o(i.Bootloader_Erase) refers to stm32l4xx_hal_flash.o(i.HAL_FLASH_Lock) for HAL_FLASH_Lock
    bootloader.o(i.Bootloader_FlashBegin) refers to stm32l4xx_hal_flash.o(i.HAL_FLASH_Unlock) for HAL_FLASH_Unlock
    bootloader.o(i.Bootloader_FlashBegin) refers to bootloader.o(.data) for .data
    bootloader.o(i.Bootloader_FlashEnd) refers to stm32l4xx_hal_flash.o(i.HAL_FLASH_Lock) for HAL_FLASH_Lock
    bootloader.o(i.Bootloader_FlashNext) refers to stm32l4xx_hal_flash.o(i.HAL_FLASH_Program) for HAL_FLASH_Program
    bootloader.o(i.Bootloader_FlashNext) refers to stm32l4xx_hal_flash.o(i.HAL_FLASH_Lock) for HAL_FLASH_Lock
    bootloader.o(i.Bootloader_FlashNext) refers to bootloader.o(.data) for .data
    bootloader.o(i.Bootloader_GetProtectionStatus) refers to memseta.o(.text) for __aeabi_memclr4
    bootloader.o(i.Bootloader_GetProtectionStatus) refers to stm32l4xx_hal_flash.o(i.HAL_FLASH_Unlock) for HAL_FLASH_Unlock
    bootloader.o(i.Bootloader_GetProtectionStatus) refers to stm32l4xx_hal_flash_ex.o(i.HAL_FLASHEx_OBGetConfig) for HAL_FLASHEx_OBGetConfig
    bootloader.o(i.Bootloader_GetProtectionStatus) refers to stm32l4xx_hal_flash.o(i.HAL_FLASH_Lock) for HAL_FLASH_Lock
    bootloader.o(i.Bootloader_Init) refers to stm32l4xx_hal_flash.o(i.HAL_FLASH_Unlock) for HAL_FLASH_Unlock
    bootloader.o(i.Bootloader_Init) refers to stm32l4xx_hal_flash.o(i.HAL_FLASH_Lock) for HAL_FLASH_Lock
    bootloader.o(i.Bootloader_JumpToApplication) refers to stm32l4xx_hal_rcc.o(i.HAL_RCC_DeInit) for HAL_RCC_DeInit
    bootloader.o(i.Bootloader_JumpToApplication) refers to stm32l4xx_hal.o(i.HAL_DeInit) for HAL_DeInit
    bootloader.o(i.Bootloader_JumpToSysMem) refers to stm32l4xx_hal_rcc.o(i.HAL_RCC_DeInit) for HAL_RCC_DeInit
    bootloader.o(i.Bootloader_JumpToSysMem) refers to stm32l4xx_hal.o(i.HAL_DeInit) for HAL_DeInit
    main.o(i.Enter_Bootloader) refers to bootloader.o(i.Bootloader_GetProtectionStatus) for Bootloader_GetProtectionStatus
    main.o(i.Enter_Bootloader) refers to stm32l4xx_hal.o(i.HAL_Delay) for HAL_Delay
    main.o(i.Enter_Bootloader) refers to bootloader.o(i.Bootloader_ConfigProtection) for Bootloader_ConfigProtection
    main.o(i.Enter_Bootloader) refers to ff.o(i.f_mount) for f_mount
    main.o(i.Enter_Bootloader) refers to ff.o(i.f_open) for f_open
    main.o(i.Enter_Bootloader) refers to bootloader.o(i.Bootloader_CheckSize) for Bootloader_CheckSize
[...]
    ../clib/microlib/init/entry.s            0x00000000   Number         0  entry10b.o ABSOLUTE
    ../clib/microlib/init/entry.s            0x00000000   Number         0  entry10a.o ABSOLUTE
    ../clib/microlib/string/memset.c         0x00000000   Number         0  memseta.o ABSOLUTE
    ..\Drivers\STM32L4xx_HAL_Driver\Src\stm32l4xx_hal.c 0x00000000   Number         0  stm32l4xx_hal.o ABSOLUTE
    ..\Drivers\STM32L4xx_HAL_Driver\Src\stm32l4xx_hal_cortex.c 0x00000000   Number         0  stm32l4xx_hal_cortex.o ABSOLUTE
    ..\Drivers\STM32L4xx_HAL_Driver\Src\stm32l4xx_hal_dma.c 0x00000000   Number         0  stm32l4xx_hal_dma.o ABSOLUTE
    ..\Drivers\STM32L4xx_HAL_Driver\Src\stm32l4xx_hal_dma_ex.c 0x00000000   Number         0  stm32l4xx_hal_dma_ex.o ABSOLUTE
    ..\Drivers\STM32L4xx_HAL_Driver\Src\stm32l4xx_hal_exti.c 0x00000000   Number         0  stm32l4xx_hal_exti.o ABSOLUTE
    ..\Drivers\STM32L4xx_HAL_Driver\Src\stm32l4xx_hal_flash.c 0x00000000   Number         0  stm32l4xx_hal_flash.o ABSOLUTE
    ..\Drivers\STM32L4xx_HAL_Driver\Src\stm32l4xx_hal_flash_ex.c 0x00000000   Number         0  stm32l4xx_hal_flash_ex.o ABSOLUTE
    ..\Drivers\STM32L4xx_HAL_Driver\Src\stm32l4xx_hal_flash_ramfunc.c 0x00000000   Number         0  stm32l4xx_hal_flash_ramfunc.o ABSOLUTE
    ..\Drivers\STM32L4xx_HAL_Driver\Src\stm32l4xx_hal_gpio.c 0x00000000   Number         0  stm32l4xx_hal_gpio.o ABSOLUTE
    ..\Drivers\STM32L4xx_HAL_Driver\Src\stm32l4xx_hal_i2c.c 0x00000000   Number         0  stm32l4xx_hal_i2c.o ABSOLUTE
    ..\Drivers\STM32L4xx_HAL_Driver\Src\stm32l4xx_hal_i2c_ex.c 0x00000000   Number         0  stm32l4xx_hal_i2c_ex.o ABSOLUTE
    ..\Drivers\STM32L4xx_HAL_Driver\Src\stm32l4xx_hal_pwr.c 0x00000000   Number         0  stm32l4xx_hal_pwr.o ABSOLUTE
    ..\Drivers\STM32L4xx_HAL_Driver\Src\stm32l4xx_hal_pwr_ex.c 0x00000000   Number         0  stm32l4xx_hal_pwr_ex.o ABSOLUTE
    ..\Drivers\STM32L4xx_HAL_Driver\Src\stm32l4xx_hal_rcc.c 0x00000000   Number         0  stm32l4xx_hal_rcc.o ABSOLUTE
    ..\Drivers\STM32L4xx_HAL_Driver\Src\stm32l4xx_hal_rcc_ex.c 0x00000000   Number         0  stm32l4xx_hal_rcc_ex.o ABSOLUTE
    ..\Drivers\STM32L4xx_HAL_Driver\Src\stm32l4xx_hal_sd.c 0x00000000   Number         0  stm32l4xx_hal_sd.o ABSOLUTE
    ..\Drivers\STM32L4xx_HAL_Driver\Src\stm32l4xx_hal_sd_ex.c 0x00000000   Number         0  stm32l4xx_hal_sd_ex.o ABSOLUTE
    ..\Drivers\STM32L4xx_HAL_Driver\Src\stm32l4xx_hal_tim.c 0x00000000   Number         0  stm32l4xx_hal_tim.o ABSOLUTE
    ..\Drivers\STM32L4xx_HAL_Driver\Src\stm32l4xx_hal_tim_ex.c 0x00000000   Number         0  stm32l4xx_hal_tim_ex.o ABSOLUTE
    ..\Drivers\STM32L4xx_HAL_Driver\Src\stm32l4xx_ll_sdmmc.c 0x00000000   Number         0  stm32l4xx_ll_sdmmc.o ABSOLUTE
    ..\Middlewares\Third_Party\FatFs\src\diskio.c 0x00000000   Number         0  diskio.o ABSOLUTE
    ..\Middlewares\Third_Party\FatFs\src\ff.c 0x00000000   Number         0  ff.o ABSOLUTE
    ..\Middlewares\Third_Party\FatFs\src\ff_gen_drv.c 0x00000000   Number         0  ff_gen_drv.o ABSOLUTE
    ..\Middlewares\Third_Party\FatFs\src\option\syscall.c 0x00000000   Number         0  syscall.o ABSOLUTE
    ..\Src\bootloader.c                      0x00000000   Number         0  bootloader.o ABSOLUTE
    ..\Src\bsp_driver_sd.c                   0x00000000   Number         0  bsp_driver_sd.o ABSOLUTE
    ..\Src\fatfs.c                           0x00000000   Number         0  fatfs.o ABSOLUTE
    ..\Src\main.c                            0x00000000   Number         0  main.o ABSOLUTE
    ..\Src\sd_diskio.c                       0x00000000   Number         0  sd_diskio.o ABSOLUTE
    ..\Src\stm32l4xx_hal_msp.c               0x00000000   Number         0  stm32l4xx_hal_msp.o ABSOLUTE
    ..\Src\stm32l4xx_it.c                    0x00000000   Number         0  stm32l4xx_it.o ABSOLUTE
    ..\Src\system_stm32l4xx.c                0x00000000   Number         0  system_stm32l4xx.o ABSOLUTE
    ..\\Src\\bootloader.c                    0x00000000   Number         0  bootloader.o ABSOLUTE
    dc.s                                     0x00000000   Number         0  dc.o ABSOLUTE
    handlers.s                               0x00000000   Number         0  handlers.o ABSOLUTE
    init.s                                   0x00000000   Number         0  init.o ABSOLUTE
    startup_stm32l476xx.s                    0x00000000   Number         0  startup_stm32l476xx.o ABSOLUTE
    RESET                                    0x08000000   Section      392  startup_stm32l476xx.o(RESET)
    .ARM.Collect$$$$00000000                 0x08000188   Section        0  entry.o(.ARM.Collect$$$$00000000)
    .ARM.Collect$$$$00000001                 0x08000188   Section        4  entry2.o(.ARM.Collect$$$$00000001)
    .ARM.Collect$$$$00000004                 0x0800018c   Section        4  entry5.o(.ARM.Collect$$$$00000004)
    .ARM.Collect$$$$00000008                 0x08000190   Section        0  entry7b.o(.ARM.Collect$$$$00000008)
    .ARM.Collect$$$$0000000A                 0x08000190   Section        0  entry8b.o(.ARM.Collect$$$$0000000A)
    .ARM.Collect$$$$0000000B                 0x08000190   Section        8  entry9a.o(.ARM.Collect$$$$0000000B)
    .ARM.Collect$$$$0000000D                 0x08000198   Section        0  entry10a.o(.ARM.Collect$$$$0000000D)
    .ARM.Collect$$$$0000000F                 0x08000198   Section        0  entry11a.o(.ARM.Collect$$$$0000000F)
    .ARM.Collect$$$$00002712                 0x08000198   Section        4  entry2.o(.ARM.Collect$$$$00002712)
    __lit__00000000                          0x08000198   Data           4  entry2.o(.ARM.Collect$$$$00002712)
    .text                                    0x0800019c   Section       36  startup_stm32l476xx.o(.text)
    $v0                                      0x0800019c   Number         0  startup_stm32l476xx.o(.text)
    .text                                    0x080001c0   Section        0  memseta.o(.text)
    .text                                    0x080001e4   Section       36  init.o(.text)
    i.BSP_SD_AbortCallback                   0x08000208   Section        0  bsp_driver_sd.o(i.BSP_SD_AbortCallback)
    i.BSP_SD_DeInit                          0x0800020c   Section        0  bsp_driver_sd.o(i.BSP_SD_DeInit)
    i.BSP_SD_GetCardInfo                     0x08000230   Section        0  bsp_driver_sd.o(i.BSP_SD_GetCardInfo)
    i.BSP_SD_GetCardState                    0x0800023c   Section        0  bsp_driver_sd.o(i.BSP_SD_GetCardState)
    i.BSP_SD_Init                            0x08000254   Section        0  bsp_driver_sd.o(i.BSP_SD_Init)
    i.BSP_SD_IsDetected                      0x08000284   Section        0  bsp_driver_sd.o(i.BSP_SD_IsDetected)
    i.BSP_SD_ReadBlocks                      0x08000294   Section        0  bsp_driver_sd.o(i.BSP_SD_ReadBlocks)
    i.BSP_SD_ReadCpltCallback                0x080002b4   Section        0  bsp_driver_sd.o(i.BSP_SD_ReadCpltCallback)
    i.BSP_SD_WriteBlocks                     0x080002b8   Section        0  bsp_driver_sd.o(i.BSP_SD_WriteBlocks)
    i.BSP_SD_WriteCpltCallback               0x080002d8   Section        0  bsp_driver_sd.o(i.BSP_SD_WriteCpltCallback)
    i.Bootloader_CheckForApplication         0x080002dc   Section        0  bootloader.o(i.Bootloader_CheckForApplication)
    i.Bootloader_CheckSize                   0x080002f8   Section        0  bootloader.o(i.Bootloader_CheckSize)
    i.Bootloader_ConfigProtection            0x08000324   Section        0  bootloader.o(i.Bootloader_ConfigProtection)
    i.Bootloader_Erase                       0x080003d8   Section        0  bootloader.o(i.Bootloader_Erase)
    i.Bootloader_FlashBegin                  0x08000454   Section        0  bootloader.o(i.Bootloader_FlashBegin)
    i.Bootloader_FlashEnd                    0x0800046c   Section        0  bootloader.o(i.Bootloader_FlashEnd)
    i.Bootloader_FlashNext                   0x08000478   Section        0  bootloader.o(i.Bootloader_FlashNext)
    i.Bootloader_GetProtectionStatus         0x080004e4   Section        0  bootloader.o(i.Bootloader_GetProtectionStatus)
    i.Bootloader_Init                        0x080005b4   Section        0  bootloader.o(i.Bootloader_Init)
    i.Bootloader_JumpToApplication           0x080005fc   Section        0  bootloader.o(i.Bootloader_JumpToApplication)
    i.BusFault_Handler                       0x08000648   Section        0  stm32l4xx_it.o(i.BusFault_Handler)
    i.DebugMon_Handler                       0x0800064a   Section        0  stm32l4xx_it.o(i.DebugMon_Handler)
    i.Enter_Bootloader                       0x0800064c   Section        0  main.o(i.Enter_Bootloader)
    i.FATFS_LinkDriver                       0x08000744   Section        0  ff_gen_drv.o(i.FATFS_LinkDriver)
    i.FATFS_LinkDriverEx                     0x0800074c   Section        0  ff_gen_drv.o(i.FATFS_LinkDriverEx)
    i.FATFS_UnLinkDriver                     0x0800078c   Section        0  ff_gen_drv.o(i.FATFS_UnLinkDriver)
    i.FATFS_UnLinkDriverEx                   0x08000794   Section        0  ff_gen_drv.o(i.FATFS_UnLinkDriverEx)
    i.FLASH_FlushCaches                      0x080007c8   Section        0  stm32l4xx_hal_flash_ex.o(i.FLASH_FlushCaches)
    i.FLASH_MassErase                        0x0800081c   Section        0  stm32l4xx_hal_flash_ex.o(i.FLASH_MassErase)
    FLASH_MassErase                          0x0800081d   Thumb Code    36  stm32l4xx_hal_flash_ex.o(i.FLASH_MassErase)
    i.FLASH_OB_GetPCROP                      0x08000844   Section        0  stm32l4xx_hal_flash_ex.o(i.FLASH_OB_GetPCROP)
    FLASH_OB_GetPCROP                        0x08000845   Thumb Code   126  stm32l4xx_hal_flash_ex.o(i.FLASH_OB_GetPCROP)
    i.FLASH_OB_PCROPConfig                   0x080008d0   Section        0  stm32l4xx_hal_flash_ex.o(i.FLASH_OB_PCROPConfig)
    FLASH_OB_PCROPConfig                     0x080008d1   Thumb Code   184  stm32l4xx_hal_flash_ex.o(i.FLASH_OB_PCROPConfig)
    i.FLASH_OB_UserConfig                    0x08000994   Section        0  stm32l4xx_hal_flash_ex.o(i.FLASH_OB_UserConfig)
    FLASH_OB_UserConfig                      0x08000995   Thumb Code   242  stm32l4xx_hal_flash_ex.o(i.FLASH_OB_UserConfig)
    i.FLASH_OB_WRPConfig                     0x08000a8c   Section        0  stm32l4xx_hal_flash_ex.o(i.FLASH_OB_WRPConfig)
    FLASH_OB_WRPConfig                       0x08000a8d   Thumb Code   118  stm32l4xx_hal_flash_ex.o(i.FLASH_OB_WRPConfig)
    i.FLASH_PageErase                        0x08000b08   Section        0  stm32l4xx_hal_flash_ex.o(i.FLASH_PageErase)
    i.FLASH_Program_DoubleWord               0x08000b3c   Section        0  stm32l4xx_hal_flash.o(i.FLASH_Program_DoubleWord)
    FLASH_Program_DoubleWord                 0x08000b3d   Thumb Code    22  stm32l4xx_hal_flash.o(i.FLASH_Program_DoubleWord)
    i.FLASH_Program_Fast                     0x08000b58   Section        0  stm32l4xx_hal_flash.o(i.FLASH_Program_Fast)
    FLASH_Program_Fast                       0x08000b59   Thumb Code    38  stm32l4xx_hal_flash.o(i.FLASH_Program_Fast)
    i.FLASH_WaitForLastOperation             0x08000b84   Section        0  stm32l4xx_hal_flash.o(i.FLASH_WaitForLastOperation)
    i.HAL_DMA_Abort_IT                       0x08000be4   Section        0  stm32l4xx_hal_dma.o(i.HAL_DMA_Abort_IT)
    i.HAL_DeInit                             0x08000c34   Section        0  stm32l4xx_hal.o(i.HAL_DeInit)
    i.HAL_Delay                              0x08000c60   Section        0  stm32l4xx_hal.o(i.HAL_Delay)
    i.HAL_FLASHEx_Erase                      0x08000c84   Section        0  stm32l4xx_hal_flash_ex.o(i.HAL_FLASHEx_Erase)
    i.HAL_FLASHEx_OBGetConfig                0x08000d70   Section        0  stm32l4xx_hal_flash_ex.o(i.HAL_FLASHEx_OBGetConfig)
    i.HAL_FLASHEx_OBProgram                  0x08000e08   Section        0  stm32l4xx_hal_flash_ex.o(i.HAL_FLASHEx_OBProgram)
    i.HAL_FLASH_Lock                         0x08000eb4   Section        0  stm32l4xx_hal_flash.o(i.HAL_FLASH_Lock)
    i.HAL_FLASH_OB_Launch                    0x08000ec8   Section        0  stm32l4xx_hal_flash.o(i.HAL_FLASH_OB_Launch)
    i.HAL_FLASH_OB_Lock                      0x08000ee0   Section        0  stm32l4xx_hal_flash.o(i.HAL_FLASH_OB_Lock)
    i.HAL_FLASH_OB_Unlock                    0x08000ef4   Section        0  stm32l4xx_hal_flash.o(i.HAL_FLASH_OB_Unlock)
    i.HAL_FLASH_Program                      0x08000f18   Section        0  stm32l4xx_hal_flash.o(i.HAL_FLASH_Program)
    i.HAL_FLASH_Unlock                       0x08000fc4   Section        0  stm32l4xx_hal_flash.o(i.HAL_FLASH_Unlock)
    i.HAL_GPIO_DeInit                        0x08000fec   Section        0  stm32l4xx_hal_gpio.o(i.HAL_GPIO_DeInit)
    i.HAL_GPIO_Init                          0x08001154   Section        0  stm32l4xx_hal_gpio.o(i.HAL_GPIO_Init)
    i.HAL_GPIO_WritePin                      0x080013ba   Section        0  stm32l4xx_hal_gpio.o(i.HAL_GPIO_WritePin)
    i.HAL_GetTick                            0x080013c4   Section        0  stm32l4xx_hal.o(i.HAL_GetTick)
    i.HAL_IncTick                            0x080013d0   Section        0  stm32l4xx_hal.o(i.HAL_IncTick)
    i.HAL_Init                               0x080013e0   Section        0  stm32l4xx_hal.o(i.HAL_Init)
    i.HAL_InitTick                           0x08001400   Section        0  stm32l4xx_hal.o(i.HAL_InitTick)
    i.HAL_MspDeInit                          0x08001444   Section        0  stm32l4xx_hal.o(i.HAL_MspDeInit)
    i.HAL_MspInit                            0x08001448   Section        0  stm32l4xx_hal_msp.o(i.HAL_MspInit)
    i.HAL_NVIC_DisableIRQ                    0x08001474   Section        0  stm32l4xx_hal_cortex.o(i.HAL_NVIC_DisableIRQ)
    i.HAL_NVIC_EnableIRQ                     0x08001496   Section        0  stm32l4xx_hal_cortex.o(i.HAL_NVIC_EnableIRQ)
    i.HAL_NVIC_SetPriority                   0x080014b0   Section        0  stm32l4xx_hal_cortex.o(i.HAL_NVIC_SetPriority)
    i.HAL_NVIC_SetPriorityGrouping           0x080014f0   Section        0  stm32l4xx_hal_cortex.o(i.HAL_NVIC_SetPriorityGrouping)
    i.HAL_PWREx_ControlVoltageScaling        0x08001514   Section        0  stm32l4xx_hal_pwr_ex.o(i.HAL_PWREx_ControlVoltageScaling)
    i.HAL_PWREx_GetVoltageRange              0x0800157c   Section        0  stm32l4xx_hal_pwr_ex.o(i.HAL_PWREx_GetVoltageRange)
    i.HAL_RCCEx_PeriphCLKConfig              0x0800158c   Section        0  stm32l4xx_hal_rcc_ex.o(i.HAL_RCCEx_PeriphCLKConfig)
    i.HAL_RCC_ClockConfig                    0x0800193c   Section        0  stm32l4xx_hal_rcc.o(i.HAL_RCC_ClockConfig)
    i.HAL_RCC_DeInit                         0x08001a5c   Section        0  stm32l4xx_hal_rcc.o(i.HAL_RCC_DeInit)
    i.HAL_RCC_GetSysClockFreq                0x08001b44   Section        0  stm32l4xx_hal_rcc.o(i.HAL_RCC_GetSysClockFreq)
    i.HAL_RCC_OscConfig                      0x08001be8   Section        0  stm32l4xx_hal_rcc.o(i.HAL_RCC_OscConfig)
    i.HAL_SD_AbortCallback                   0x08002110   Section        0  bsp_driver_sd.o(i.HAL_SD_AbortCallback)
    i.HAL_SD_ConfigWideBusOperation          0x08002118   Section        0  stm32l4xx_hal_sd.o(i.HAL_SD_ConfigWideBusOperation)
    i.HAL_SD_DeInit                          0x08002232   Section        0  stm32l4xx_hal_sd.o(i.HAL_SD_DeInit)
    i.HAL_SD_ErrorCallback                   0x08002258   Section        0  stm32l4xx_hal_sd.o(i.HAL_SD_ErrorCallback)
    i.HAL_SD_GetCardCSD                      0x0800225c   Section        0  stm32l4xx_hal_sd.o(i.HAL_SD_GetCardCSD)
    i.HAL_SD_GetCardInfo                     0x080023f4   Section        0  stm32l4xx_hal_sd.o(i.HAL_SD_GetCardInfo)
    i.HAL_SD_GetCardState                    0x08002418   Section        0  stm32l4xx_hal_sd.o(i.HAL_SD_GetCardState)
    i.HAL_SD_IRQHandler                      0x08002444   Section        0  stm32l4xx_hal_sd.o(i.HAL_SD_IRQHandler)
    i.HAL_SD_Init                            0x0800263c   Section        0  stm32l4xx_hal_sd.o(i.HAL_SD_Init)
    i.HAL_SD_InitCard                        0x08002674   Section        0  stm32l4xx_hal_sd.o(i.HAL_SD_InitCard)
    i.HAL_SD_MspDeInit                       0x080026f0   Section        0  stm32l4xx_hal_msp.o(i.HAL_SD_MspDeInit)
    i.HAL_SD_MspInit                         0x08002734   Section        0  stm32l4xx_hal_msp.o(i.HAL_SD_MspInit)
    i.HAL_SD_ReadBlocks                      0x080027c8   Section        0  stm32l4xx_hal_sd.o(i.HAL_SD_ReadBlocks)
    i.HAL_SD_RxCpltCallback                  0x080029a6   Section        0  bsp_driver_sd.o(i.HAL_SD_RxCpltCallback)
    i.HAL_SD_TxCpltCallback                  0x080029ae   Section        0  bsp_driver_sd.o(i.HAL_SD_TxCpltCallback)
    i.HAL_SD_WriteBlocks                     0x080029b8   Section        0  stm32l4xx_hal_sd.o(i.HAL_SD_WriteBlocks)
    i.HAL_SYSTICK_Config                     0x08002b6a   Section        0  stm32l4xx_hal_cortex.o(i.HAL_SYSTICK_Config)
    i.HardFault_Handler                      0x08002b92   Section        0  stm32l4xx_it.o(i.HardFault_Handler)
    i.MX_FATFS_DEInit                        0x08002b94   Section        0  fatfs.o(i.MX_FATFS_DEInit)
    i.MX_FATFS_Init                          0x08002ba8   Section        0  fatfs.o(i.MX_FATFS_Init)
    i.MX_GPIO_Init                           0x08002bc4   Section        0  main.o(i.MX_GPIO_Init)
    MX_GPIO_Init                             0x08002bc5   Thumb Code   188  main.o(i.MX_GPIO_Init)
    i.MemManage_Handler                      0x08002c8c   Section        0  stm32l4xx_it.o(i.MemManage_Handler)
    i.NMI_Handler                            0x08002c8e   Section        0  stm32l4xx_it.o(i.NMI_Handler)
    i.PendSV_Handler                         0x08002c90   Section        0  stm32l4xx_it.o(i.PendSV_Handler)
    i.RCCEx_PLLSAI1_Config                   0x08002c94   Section        0  stm32l4xx_hal_rcc_ex.o(i.RCCEx_PLLSAI1_Config)
    RCCEx_PLLSAI1_Config                     0x08002c95   Thumb Code   278  stm32l4xx_hal_rcc_ex.o(i.RCCEx_PLLSAI1_Config)
    i.RCCEx_PLLSAI2_Config                   0x08002dc0   Section        0  stm32l4xx_hal_rcc_ex.o(i.RCCEx_PLLSAI2_Config)
    RCCEx_PLLSAI2_Config                     0x08002dc1   Thumb Code   250  stm32l4xx_hal_rcc_ex.o(i.RCCEx_PLLSAI2_Config)
    i.RCC_SetFlashLatencyFromMSIRange        0x08002ec8   Section        0  stm32l4xx_hal_rcc.o(i.RCC_SetFlashLatencyFromMSIRange)
    RCC_SetFlashLatencyFromMSIRange          0x08002ec9   Thumb Code   116  stm32l4xx_hal_rcc.o(i.RCC_SetFlashLatencyFromMSIRange)
    i.SDMMC1_IRQHandler                      0x08002f44   Section        0  stm32l4xx_it.o(i.SDMMC1_IRQHandler)
    i.SDMMC_CmdAppCommand                    0x08002f50   Section        0  stm32l4xx_ll_sdmmc.o(i.SDMMC_CmdAppCommand)
    i.SDMMC_CmdAppOperCommand                0x08002f84   Section        0  stm32l4xx_ll_sdmmc.o(i.SDMMC_CmdAppOperCommand)
    i.SDMMC_CmdBlockLength                   0x08002fb8   Section        0  stm32l4xx_ll_sdmmc.o(i.SDMMC_CmdBlockLength)
    i.SDMMC_CmdBusWidth                      0x08002fea   Section        0  stm32l4xx_ll_sdmmc.o(i.SDMMC_CmdBusWidth)
    i.SDMMC_CmdGoIdleState                   0x0800301c   Section        0  stm32l4xx_ll_sdmmc.o(i.SDMMC_CmdGoIdleState)
    i.SDMMC_CmdOperCond                      0x0800306c   Section        0  stm32l4xx_ll_sdmmc.o(i.SDMMC_CmdOperCond)
    i.SDMMC_CmdReadMultiBlock                0x080030e0   Section        0  stm32l4xx_ll_sdmmc.o(i.SDMMC_CmdReadMultiBlock)
    i.SDMMC_CmdReadSingleBlock               0x08003112   Section        0  stm32l4xx_ll_sdmmc.o(i.SDMMC_CmdReadSingleBlock)
    i.SDMMC_CmdSelDesel                      0x08003144   Section        0  stm32l4xx_ll_sdmmc.o(i.SDMMC_CmdSelDesel)
    i.SDMMC_CmdSendCID                       0x08003176   Section        0  stm32l4xx_ll_sdmmc.o(i.SDMMC_CmdSendCID)
    i.SDMMC_CmdSendCSD                       0x080031a2   Section        0  stm32l4xx_ll_sdmmc.o(i.SDMMC_CmdSendCSD)
    i.SDMMC_CmdSendSCR                       0x080031ce   Section        0  stm32l4xx_ll_sdmmc.o(i.SDMMC_CmdSendSCR)
    i.SDMMC_CmdSendStatus                    0x080031fe   Section        0  stm32l4xx_ll_sdmmc.o(i.SDMMC_CmdSendStatus)
    i.SDMMC_CmdSetRelAdd                     0x08003230   Section        0  stm32l4xx_ll_sdmmc.o(i.SDMMC_CmdSetRelAdd)
    i.SDMMC_CmdStopTransfer                  0x08003260   Section        0  stm32l4xx_ll_sdmmc.o(i.SDMMC_CmdStopTransfer)
    i.SDMMC_CmdWriteMultiBlock               0x08003294   Section        0  stm32l4xx_ll_sdmmc.o(i.SDMMC_CmdWriteMultiBlock)
    i.SDMMC_CmdWriteSingleBlock              0x080032c6   Section        0  stm32l4xx_ll_sdmmc.o(i.SDMMC_CmdWriteSingleBlock)
    i.SDMMC_ConfigData                       0x080032f8   Section        0  stm32l4xx_ll_sdmmc.o(i.SDMMC_ConfigData)
    i.SDMMC_GetCmdResp1                      0x0800331c   Section        0  stm32l4xx_ll_sdmmc.o(i.SDMMC_GetCmdResp1)
    SDMMC_GetCmdResp1                        0x0800331d   Thumb Code   278  stm32l4xx_ll_sdmmc.o(i.SDMMC_GetCmdResp1)
    i.SDMMC_GetCmdResp2                      0x0800343c   Section        0  stm32l4xx_ll_sdmmc.o(i.SDMMC_GetCmdResp2)
    SDMMC_GetCmdResp2                        0x0800343d   Thumb Code    76  stm32l4xx_ll_sdmmc.o(i.SDMMC_GetCmdResp2)
    i.SDMMC_GetCmdResp3                      0x0800348c   Section        0  stm32l4xx_ll_sdmmc.o(i.SDMMC_GetCmdResp3)
    SDMMC_GetCmdResp3                        0x0800348d   Thumb Code    62  stm32l4xx_ll_sdmmc.o(i.SDMMC_GetCmdResp3)
    i.SDMMC_GetCmdResp6                      0x080034d0   Section        0  stm32l4xx_ll_sdmmc.o(i.SDMMC_GetCmdResp6)
    SDMMC_GetCmdResp6                        0x080034d1   Thumb Code   130  stm32l4xx_ll_sdmmc.o(i.SDMMC_GetCmdResp6)
    i.SDMMC_GetPowerState                    0x08003558   Section        0  stm32l4xx_ll_sdmmc.o(i.SDMMC_GetPowerState)
    i.SDMMC_GetResponse                      0x08003560   Section        0  stm32l4xx_ll_sdmmc.o(i.SDMMC_GetResponse)
    i.SDMMC_Init                             0x08003566   Section        0  stm32l4xx_ll_sdmmc.o(i.SDMMC_Init)
    i.SDMMC_PowerState_OFF                   0x08003588   Section        0  stm32l4xx_ll_sdmmc.o(i.SDMMC_PowerState_OFF)
    i.SDMMC_PowerState_ON                    0x08003590   Section        0  stm32l4xx_ll_sdmmc.o(i.SDMMC_PowerState_ON)
    i.SDMMC_ReadFIFO                         0x080035a0   Section        0  stm32l4xx_ll_sdmmc.o(i.SDMMC_ReadFIFO)
    i.SDMMC_SendCommand                      0x080035a6   Section        0  stm32l4xx_ll_sdmmc.o(i.SDMMC_SendCommand)
    i.SDMMC_WriteFIFO                        0x080035c6   Section        0  stm32l4xx_ll_sdmmc.o(i.SDMMC_WriteFIFO)
    i.SD_CheckStatus                         0x080035d0   Section        0  sd_diskio.o(i.SD_CheckStatus)
    SD_CheckStatus                           0x080035d1   Thumb Code    26  sd_diskio.o(i.SD_CheckStatus)
    i.SD_DMARxAbort                          0x080035f0   Section        0  stm32l4xx_hal_sd.o(i.SD_DMARxAbort)
    SD_DMARxAbort                            0x080035f1   Thumb Code    68  stm32l4xx_hal_sd.o(i.SD_DMARxAbort)
    i.SD_DMATxAbort                          0x08003634   Section        0  stm32l4xx_hal_sd.o(i.SD_DMATxAbort)
    SD_DMATxAbort                            0x08003635   Thumb Code    68  stm32l4xx_hal_sd.o(i.SD_DMATxAbort)
    i.SD_DeInit                              0x08003678   Section        0  main.o(i.SD_DeInit)
    i.SD_Eject                               0x08003688   Section        0  main.o(i.SD_Eject)
    i.SD_FindSCR                             0x08003698   Section        0  stm32l4xx_hal_sd.o(i.SD_FindSCR)
    SD_FindSCR                               0x08003699   Thumb Code   212  stm32l4xx_hal_sd.o(i.SD_FindSCR)
    i.SD_InitCard                            0x08003772   Section        0  stm32l4xx_hal_sd.o(i.SD_InitCard)
    SD_InitCard                              0x08003773   Thumb Code   238  stm32l4xx_hal_sd.o(i.SD_InitCard)
    i.SD_PowerON                             0x08003860   Section        0  stm32l4xx_hal_sd.o(i.SD_PowerON)
    SD_PowerON                               0x08003861   Thumb Code   174  stm32l4xx_hal_sd.o(i.SD_PowerON)
    i.SD_initialize                          0x0800391c   Section        0  sd_diskio.o(i.SD_initialize)
    i.SD_ioctl                               0x0800393c   Section        0  sd_diskio.o(i.SD_ioctl)
    i.SD_read                                0x0800398c   Section        0  sd_diskio.o(i.SD_read)
    i.SD_status                              0x080039b2   Section        0  sd_diskio.o(i.SD_status)
    i.SD_write                               0x080039b8   Section        0  sd_diskio.o(i.SD_write)
    i.SVC_Handler                            0x080039de   Section        0  stm32l4xx_it.o(i.SVC_Handler)
    i.SysTick_Handler                        0x080039e0   Section        0  stm32l4xx_it.o(i.SysTick_Handler)
    i.SystemClock_Config                     0x080039e4   Section        0  main.o(i.SystemClock_Config)
    i.SystemInit                             0x08003a88   Section        0  system_stm32l4xx.o(i.SystemInit)
    i.UsageFault_Handler                     0x08003acc   Section        0  stm32l4xx_it.o(i.UsageFault_Handler)
    i.__NVIC_SetPriority                     0x08003ace   Section        0  stm32l4xx_hal_cortex.o(i.__NVIC_SetPriority)
    __NVIC_SetPriority                       0x08003acf   Thumb Code    32  stm32l4xx_hal_cortex.o(i.__NVIC_SetPriority)
    i.__scatterload_copy                     0x08003aee   Section       14  handlers.o(i.__scatterload_copy)
    i.__scatterload_null                     0x08003afc   Section        2  handlers.o(i.__scatterload_null)
    i.__scatterload_zeroinit                 0x08003afe   Section       14  handlers.o(i.__scatterload_zeroinit)
    i.check_fs                               0x08003b0c   Section        0  ff.o(i.check_fs)
    check_fs                                 0x08003b0d   Thumb Code   102  ff.o(i.check_fs)
    i.chk_lock                               0x08003b7c   Section        0  ff.o(i.chk_lock)
    chk_lock                                 0x08003b7d   Thumb Code    86  ff.o(i.chk_lock)
    i.clear_lock                             0x08003bd8   Section        0  ff.o(i.clear_lock)
    clear_lock                               0x08003bd9   Thumb Code    28  ff.o(i.clear_lock)
    i.clmt_clust                             0x08003bf8   Section        0  ff.o(i.clmt_clust)
    clmt_clust                               0x08003bf9   Thumb Code    38  ff.o(i.clmt_clust)
    i.clust2sect                             0x08003c1e   Section        0  ff.o(i.clust2sect)
    clust2sect                               0x08003c1f   Thumb Code    24  ff.o(i.clust2sect)
    i.create_chain                           0x08003c36   Section        0  ff.o(i.create_chain)
    create_chain                             0x08003c37   Thumb Code   164  ff.o(i.create_chain)
    i.create_name                            0x08003cdc   Section        0  ff.o(i.create_name)
    create_name                              0x08003cdd   Thumb Code   168  ff.o(i.create_name)
    i.dec_lock                               0x08003d98   Section        0  ff.o(i.dec_lock)
    dec_lock                                 0x08003d99   Thumb Code    48  ff.o(i.dec_lock)
    i.dir_find                               0x08003dcc   Section        0  ff.o(i.dir_find)
    dir_find                                 0x08003dcd   Thumb Code   100  ff.o(i.dir_find)
    i.dir_next                               0x08003e30   Section        0  ff.o(i.dir_next)
    dir_next                                 0x08003e31   Thumb Code   258  ff.o(i.dir_next)
    i.dir_register                           0x08003f32   Section        0  ff.o(i.dir_register)
    dir_register                             0x08003f33   Thumb Code   102  ff.o(i.dir_register)
    i.dir_sdi                                0x08003f98   Section        0  ff.o(i.dir_sdi)
    dir_sdi                                  0x08003f99   Thumb Code   142  ff.o(i.dir_sdi)
    i.disk_initialize                        0x08004028   Section        0  diskio.o(i.disk_initialize)
    i.disk_ioctl                             0x08004050   Section        0  diskio.o(i.disk_ioctl)
    i.disk_read                              0x0800406c   Section        0  diskio.o(i.disk_read)
    i.disk_status                            0x08004088   Section        0  diskio.o(i.disk_status)
    i.disk_write                             0x080040a0   Section        0  diskio.o(i.disk_write)
    i.f_close                                0x080040bc   Section        0  ff.o(i.f_close)
    i.f_mount                                0x080040e4   Section        0  ff.o(i.f_mount)
    i.f_open                                 0x0800413c   Section        0  ff.o(i.f_open)
    i.f_read                                 0x08004358   Section        0  ff.o(i.f_read)
    i.f_sync                                 0x080044d4   Section        0  ff.o(i.f_sync)
    i.find_volume                            0x08004564   Section        0  ff.o(i.find_volume)
    find_volume                              0x08004565   Thumb Code   636  ff.o(i.find_volume)
    i.follow_path                            0x080047ec   Section        0  ff.o(i.follow_path)
    follow_path                              0x080047ed   Thumb Code   122  ff.o(i.follow_path)
    i.get_fat                                0x08004866   Section        0  ff.o(i.get_fat)
    get_fat                                  0x08004867   Thumb Code   232  ff.o(i.get_fat)
    i.get_fattime                            0x0800494e   Section        0  fatfs.o(i.get_fattime)
    i.get_ldnumber                           0x08004952   Section        0  ff.o(i.get_ldnumber)
    get_ldnumber                             0x08004953   Thumb Code    60  ff.o(i.get_ldnumber)
    i.inc_lock                               0x08004990   Section        0  ff.o(i.inc_lock)
    inc_lock                                 0x08004991   Thumb Code   124  ff.o(i.inc_lock)
    i.ld_clust                               0x08004a10   Section        0  ff.o(i.ld_clust)
    ld_clust                                 0x08004a11   Thumb Code    38  ff.o(i.ld_clust)
    i.ld_dword                               0x08004a36   Section        0  ff.o(i.ld_dword)
    ld_dword                                 0x08004a37   Thumb Code    22  ff.o(i.ld_dword)
    i.ld_word                                0x08004a4c   Section        0  ff.o(i.ld_word)
    ld_word                                  0x08004a4d   Thumb Code    10  ff.o(i.ld_word)
    i.main                                   0x08004a58   Section        0  main.o(i.main)
    i.mem_cpy                                0x08004acc   Section        0  ff.o(i.mem_cpy)
    mem_cpy                                  0x08004acd   Thumb Code    18  ff.o(i.mem_cpy)
    i.mem_set                                0x08004ae0   Section        0  ff.o(i.mem_set)
    mem_set                                  0x08004ae1   Thumb Code    14  ff.o(i.mem_set)
    i.move_window                            0x08004aee   Section        0  ff.o(i.move_window)
    move_window                              0x08004aef   Thumb Code    50  ff.o(i.move_window)
    i.put_fat                                0x08004b20   Section        0  ff.o(i.put_fat)
    put_fat                                  0x08004b21   Thumb Code   292  ff.o(i.put_fat)
    i.remove_chain                           0x08004c44   Section        0  ff.o(i.remove_chain)
    remove_chain                             0x08004c45   Thumb Code   116  ff.o(i.remove_chain)
    i.st_clust                               0x08004cb8   Section        0  ff.o(i.st_clust)
    st_clust                                 0x08004cb9   Thumb Code    40  ff.o(i.st_clust)
    i.st_dword                               0x08004ce0   Section        0  ff.o(i.st_dword)
    st_dword                                 0x08004ce1   Thumb Code    16  ff.o(i.st_dword)
    i.st_word                                0x08004cf0   Section        0  ff.o(i.st_word)
    st_word                                  0x08004cf1   Thumb Code     8  ff.o(i.st_word)
    i.sync_fs                                0x08004cf8   Section        0  ff.o(i.sync_fs)
    sync_fs                                  0x08004cf9   Thumb Code   126  ff.o(i.sync_fs)
    i.sync_window                            0x08004d80   Section        0  ff.o(i.sync_window)
    sync_window                              0x08004d81   Thumb Code    82  ff.o(i.sync_window)
    i.validate                               0x08004dd2   Section        0  ff.o(i.validate)
    validate                                 0x08004dd3   Thumb Code    52  ff.o(i.validate)
    .constdata                               0x08004e08   Section       20  sd_diskio.o(.constdata)
    .constdata                               0x08004e1c   Section       64  system_stm32l4xx.o(.constdata)
    .constdata                               0x08004e5c   Section      156  ff.o(.constdata)
    ExCvt                                    0x08004e5c   Data         128  ff.o(.constdata)
    cst                                      0x08004edc   Data          14  ff.o(.constdata)
    cst32                                    0x08004eea   Data          14  ff.o(.constdata)
    .data                                    0x20000000   Section        4  bootloader.o(.data)
    flash_ptr                                0x20000000   Data           4  bootloader.o(.data)
    .data                                    0x20000004   Section        1  sd_diskio.o(.data)
    Stat                                     0x20000004   Data           1  sd_diskio.o(.data)
    .data                                    0x20000005   Section        5  fatfs.o(.data)
    .data                                    0x2000000c   Section       12  stm32l4xx_hal.o(.data)
    .data                                    0x20000018   Section       32  stm32l4xx_hal_flash.o(.data)
    .data                                    0x20000038   Section        4  system_stm32l4xx.o(.data)
    .data                                    0x2000003c   Section        8  ff.o(.data)
    Fsid                                     0x2000003c   Data           2  ff.o(.data)
    FatFs                                    0x20000040   Data           4  ff.o(.data)
    .bss                                     0x20000044   Section      132  main.o(.bss)
    .bss                                     0x200000c8   Section     4148  fatfs.o(.bss)
    .bss                                     0x200010fc   Section     4144  fatfs.o(.bss)
    .bss                                     0x2000212c   Section       32  ff.o(.bss)
    Files                                    0x2000212c   Data          32  ff.o(.bss)
    .bss                                     0x2000214c   Section       12  ff_gen_drv.o(.bss)
    STACK                                    0x20002158   Section     1024  startup_stm32l476xx.o(STACK)

    Global Symbols

    Symbol Name                              Value     Ov Type        Size  Object(Section)

    BuildAttributes$$THM_ISAv4$E$P$D$K$B$S$7EM$VFPi3$EXTD16$VFPS$VFMA$PE$A:L22UL41UL21$X:L11$S22US41US21$IEEE1$IW$USESV6$~STKCKD$USESV7$~SHL$OSPACE$EBA8$MICROLIB$REQ8$PRES8$EABIv2 0x00000000   Number         0  anon$$obj.o ABSOLUTE
    __ARM_use_no_argv                        0x00000000   Number         0  main.o ABSOLUTE
    __cpp_initialize__aeabi_                  - Undefined Weak Reference
    __cxa_finalize                            - Undefined Weak Reference
    __decompress                              - Undefined Weak Reference
    _clock_init                               - Undefined Weak Reference
    _microlib_exit                            - Undefined Weak Reference
    __Vectors_Size                           0x00000188   Number         0  startup_stm32l476xx.o ABSOLUTE
    __Vectors                                0x08000000   Data           4  startup_stm32l476xx.o(RESET)
    __Vectors_End                            0x08000188   Data           0  startup_stm32l476xx.o(RESET)
    __main                                   0x08000189   Thumb Code     0  entry.o(.ARM.Collect$$$$00000000)
    _main_stk                                0x08000189   Thumb Code     0  entry2.o(.ARM.Collect$$$$00000001)
    _main_scatterload                        0x0800018d   Thumb Code     0  entry5.o(.ARM.Collect$$$$00000004)
    __main_after_scatterload                 0x08000191   Thumb Code     0  entry5.o(.ARM.Collect$$$$00000004)
    _main_clock                              0x08000191   Thumb Code     0  entry7b.o(.ARM.Collect$$$$00000008)
    _main_cpp_init                           0x08000191   Thumb Code     0  entry8b.o(.ARM.Collect$$$$0000000A)
    _main_init                               0x08000191   Thumb Code     0  entry9a.o(.ARM.Collect$$$$0000000B)
    __rt_final_cpp                           0x08000199   Thumb Code     0  entry10a.o(.ARM.Collect$$$$0000000D)
    __rt_final_exit                          0x08000199   Thumb Code     0  entry11a.o(.ARM.Collect$$$$0000000F)
    Reset_Handler                            0x0800019d   Thumb Code     8  startup_stm32l476xx.o(.text)
    ADC1_2_IRQHandler                        0x080001b7   Thumb Code     0  startup_stm32l476xx.o(.text)
    ADC3_IRQHandler                          0x080001b7   Thumb Code     0  startup_stm32l476xx.o(.text)
    CAN1_RX0_IRQHandler                      0x080001b7   Thumb Code     0  startup_stm32l476xx.o(.text)
    CAN1_RX1_IRQHandler                      0x080001b7   Thumb Code     0  startup_stm32l476xx.o(.text)
    CAN1_SCE_IRQHandler                      0x080001b7   Thumb Code     0  startup_stm32l476xx.o(.text)
    CAN1_TX_IRQHandler                       0x080001b7   Thumb Code     0  startup_stm32l476xx.o(.text)
    COMP_IRQHandler                          0x080001b7   Thumb Code     0  startup_stm32l476xx.o(.text)
    DFSDM1_FLT0_IRQHandler                   0x080001b7   Thumb Code     0  startup_stm32l476xx.o(.text)
    DFSDM1_FLT1_IRQHandler                   0x080001b7   Thumb Code     0  startup_stm32l476xx.o(.text)
    DFSDM1_FLT2_IRQHandler                   0x080001b7   Thumb Code     0  startup_stm32l476xx.o(.text)
    DFSDM1_FLT3_IRQHandler                   0x080001b7   Thumb Code     0  startup_stm32l476xx.o(.text)
    DMA1_Channel1_IRQHandler                 0x080001b7   Thumb Code     0  startup_stm32l476xx.o(.text)
    DMA1_Channel2_IRQHandler                 0x080001b7   Thumb Code     0  startup_stm32l476xx.o(.text)
    DMA1_Channel3_IRQHandler                 0x080001b7   Thumb Code     0  startup_stm32l476xx.o(.text)
    DMA1_Channel4_IRQHandler                 0x080001b7   Thumb Code     0  startup_stm32l476xx.o(.text)
    DMA1_Channel5_IRQHandler                 0x080001b7   Thumb Code     0  startup_stm32l476xx.o(.text)
    DMA1_Channel6_IRQHandler                 0x080001b7   Thumb Code     0  startup_stm32l476xx.o(.text)
    DMA1_Channel7_IRQHandler                 0x080001b7   Thumb Code     0  startup_stm32l476xx.o(.text)
    DMA2_Channel1_IRQHandler                 0x080001b7   Thumb Code     0  startup_stm32l476xx.o(.text)
    DMA2_Channel2_IRQHandler                 0x080001b7   Thumb Code     0  startup_stm32l476xx.o(.text)
    DMA2_Channel3_IRQHandler                 0x080001b7   Thumb Code     0  startup_stm32l476xx.o(.text)
    DMA2_Channel4_IRQHandler                 0x080001b7   Thumb Code     0  startup_stm32l476xx.o(.text)
    DMA2_Channel5_IRQHandler                 0x080001b7   Thumb Code     0  startup_stm32l476xx.o(.text)
    DMA2_Channel6_IRQHandler                 0x080001b7   Thumb Code     0  startup_stm32l476xx.o(.text)
    DMA2_Channel7_IRQHandler                 0x080001b7   Thumb Code     0  startup_stm32l476xx.o(.text)
    EXTI0_IRQHandler                         0x080001b7   Thumb Code     0  startup_stm32l476xx.o(.text)
    EXTI15_10_IRQHandler                     0x080001b7   Thumb Code     0  startup_stm32l476xx.o(.text)
    EXTI1_IRQHandler                         0x080001b7   Thumb Code     0  startup_stm32l476xx.o(.text)
    EXTI2_IRQHandler                         0x080001b7   Thumb Code     0  startup_stm32l476xx.o(.text)
    EXTI3_IRQHandler                         0x080001b7   Thumb Code     0  startup_stm32l476xx.o(.text)
    EXTI4_IRQHandler                         0x080001b7   Thumb Code     0  startup_stm32l476xx.o(.text)
    EXTI9_5_IRQHandler                       0x080001b7   Thumb Code     0  startup_stm32l476xx.o(.text)
    FLASH_IRQHandler                         0x080001b7   Thumb Code     0  startup_stm32l476xx.o(.text)
    FMC_IRQHandler                           0x080001b7   Thumb Code     0  startup_stm32l476xx.o(.text)
    FPU_IRQHandler                           0x080001b7   Thumb Code     0  startup_stm32l476xx.o(.text)
    I2C1_ER_IRQHandler                       0x080001b7   Thumb Code     0  startup_stm32l476xx.o(.text)
    I2C1_EV_IRQHandler                       0x080001b7   Thumb Code     0  startup_stm32l476xx.o(.text)
    I2C2_ER_IRQHandler                       0x080001b7   Thumb Code     0  startup_stm32l476xx.o(.text)
    I2C2_EV_IRQHandler                       0x080001b7   Thumb Code     0  startup_stm32l476xx.o(.text)
    I2C3_ER_IRQHandler                       0x080001b7   Thumb Code     0  startup_stm32l476xx.o(.text)
    I2C3_EV_IRQHandler                       0x080001b7   Thumb Code     0  startup_stm32l476xx.o(.text)
    LCD_IRQHandler                           0x080001b7   Thumb Code     0  startup_stm32l476xx.o(.text)
    LPTIM1_IRQHandler                        0x080001b7   Thumb Code     0  startup_stm32l476xx.o(.text)
    LPTIM2_IRQHandler                        0x080001b7   Thumb Code     0  startup_stm32l476xx.o(.text)
    LPUART1_IRQHandler                       0x080001b7   Thumb Code     0  startup_stm32l476xx.o(.text)
    OTG_FS_IRQHandler                        0x080001b7   Thumb Code     0  startup_stm32l476xx.o(.text)
    PVD_PVM_IRQHandler                       0x080001b7   Thumb Code     0  startup_stm32l476xx.o(.text)
    QUADSPI_IRQHandler                       0x080001b7   Thumb Code     0  startup_stm32l476xx.o(.text)
    RCC_IRQHandler                           0x080001b7   Thumb Code     0  startup_stm32l476xx.o(.text)
    RNG_IRQHandler                           0x080001b7   Thumb Code     0  startup_stm32l476xx.o(.text)
    RTC_Alarm_IRQHandler                     0x080001b7   Thumb Code     0  startup_stm32l476xx.o(.text)
    RTC_WKUP_IRQHandler                      0x080001b7   Thumb Code     0  startup_stm32l476xx.o(.text)
    SAI1_IRQHandler                          0x080001b7   Thumb Code     0  startup_stm32l476xx.o(.text)
    SAI2_IRQHandler                          0x080001b7   Thumb Code     0  startup_stm32l476xx.o(.text)
    SPI1_IRQHandler                          0x080001b7   Thumb Code     0  startup_stm32l476xx.o(.text)
    SPI2_IRQHandler                          0x080001b7   Thumb Code     0  startup_stm32l476xx.o(.text)
    SPI3_IRQHandler                          0x080001b7   Thumb Code     0  startup_stm32l476xx.o(.text)
    SWPMI1_IRQHandler                        0x080001b7   Thumb Code     0  startup_stm32l476xx.o(.text)
    TAMP_STAMP_IRQHandler                    0x080001b7   Thumb Code     0  startup_stm32l476xx.o(.text)
    TIM1_BRK_TIM15_IRQHandler                0x080001b7   Thumb Code     0  startup_stm32l476xx.o(.text)
    TIM1_CC_IRQHandler                       0x080001b7   Thumb Code     0  startup_stm32l476xx.o(.text)
    TIM1_TRG_COM_TIM17_IRQHandler            0x080001b7   Thumb Code     0  startup_stm32l476xx.o(.text)
    TIM1_UP_TIM16_IRQHandler                 0x080001b7   Thumb Code     0  startup_stm32l476xx.o(.text)
    TIM2_IRQHandler                          0x080001b7   Thumb Code     0  startup_stm32l476xx.o(.text)
    TIM3_IRQHandler                          0x080001b7   Thumb Code     0  startup_stm32l476xx.o(.text)
    TIM4_IRQHandler                          0x080001b7   Thumb Code     0  startup_stm32l476xx.o(.text)
    TIM5_IRQHandler                          0x080001b7   Thumb Code     0  startup_stm32l476xx.o(.text)
    TIM6_DAC_IRQHandler                      0x080001b7   Thumb Code     0  startup_stm32l476xx.o(.text)
    TIM7_IRQHandler                          0x080001b7   Thumb Code     0  startup_stm32l476xx.o(.text)
    TIM8_BRK_IRQHandler                      0x080001b7   Thumb Code     0  startup_stm32l476xx.o(.text)
    TIM8_CC_IRQHandler                       0x080001b7   Thumb Code     0  startup_stm32l476xx.o(.text)
    TIM8_TRG_COM_IRQHandler                  0x080001b7   Thumb Code     0  startup_stm32l476xx.o(.text)
    TIM8_UP_IRQHandler                       0x080001b7   Thumb Code     0  startup_stm32l476xx.o(.text)
    TSC_IRQHandler                           0x080001b7   Thumb Code     0  startup_stm32l476xx.o(.text)
    UART4_IRQHandler                         0x080001b7   Thumb Code     0  startup_stm32l476xx.o(.text)
    UART5_IRQHandler                         0x080001b7   Thumb Code     0  startup_stm32l476xx.o(.text)
    USART1_IRQHandler                        0x080001b7   Thumb Code     0  startup_stm32l476xx.o(.text)
    USART2_IRQHandler                        0x080001b7   Thumb Code     0  startup_stm32l476xx.o(.text)
    USART3_IRQHandler                        0x080001b7   Thumb Code     0  startup_stm32l476xx.o(.text)
    WWDG_IRQHandler                          0x080001b7   Thumb Code     0  startup_stm32l476xx.o(.text)
    __aeabi_memset                           0x080001c1   Thumb Code    14  memseta.o(.text)
    __aeabi_memset4                          0x080001c1   Thumb Code     0  memseta.o(.text)
    __aeabi_memset8                          0x080001c1   Thumb Code     0  memseta.o(.text)
    __aeabi_memclr                           0x080001cf   Thumb Code     4  memseta.o(.text)
    __aeabi_memclr4                          0x080001cf   Thumb Code     0  memseta.o(.text)
    __aeabi_memclr8                          0x080001cf   Thumb Code     0  memseta.o(.text)
    _memset$wrapper                          0x080001d3   Thumb Code    18  memseta.o(.text)
    __scatterload                            0x080001e5   Thumb Code    28  init.o(.text)
    __scatterload_rt2                        0x080001e5   Thumb Code     0  init.o(.text)
    BSP_SD_AbortCallback                     0x08000209   Thumb Code     2  bsp_driver_sd.o(i.BSP_SD_AbortCallback)
    BSP_SD_DeInit                            0x0800020d   Thumb Code    28  bsp_driver_sd.o(i.BSP_SD_DeInit)
    BSP_SD_GetCardInfo                       0x08000231   Thumb Code     8  bsp_driver_sd.o(i.BSP_SD_GetCardInfo)
    BSP_SD_GetCardState                      0x0800023d   Thumb Code    20  bsp_driver_sd.o(i.BSP_SD_GetCardState)
    BSP_SD_Init                              0x08000255   Thumb Code    42  bsp_driver_sd.o(i.BSP_SD_Init)
    BSP_SD_IsDetected                        0x08000285   Thumb Code    14  bsp_driver_sd.o(i.BSP_SD_IsDetected)
    BSP_SD_ReadBlocks                        0x08000295   Thumb Code    26  bsp_driver_sd.o(i.BSP_SD_ReadBlocks)
    BSP_SD_ReadCpltCallback                  0x080002b5   Thumb Code     2  bsp_driver_sd.o(i.BSP_SD_ReadCpltCallback)
    BSP_SD_WriteBlocks                       0x080002b9   Thumb Code    26  bsp_driver_sd.o(i.BSP_SD_WriteBlocks)
    BSP_SD_WriteCpltCallback                 0x080002d9   Thumb Code     2  bsp_driver_sd.o(i.BSP_SD_WriteCpltCallback)
    Bootloader_CheckForApplication           0x080002dd   Thumb Code    22  bootloader.o(i.Bootloader_CheckForApplication)
    Bootloader_CheckSize                     0x080002f9   Thumb Code    38  bootloader.o(i.Bootloader_CheckSize)
    Bootloader_ConfigProtection              0x08000325   Thumb Code   178  bootloader.o(i.Bootloader_ConfigProtection)
    Bootloader_Erase                         0x080003d9   Thumb Code   120  bootloader.o(i.Bootloader_Erase)
    Bootloader_FlashBegin                    0x08000455   Thumb Code    16  bootloader.o(i.Bootloader_FlashBegin)
    Bootloader_FlashEnd                      0x0800046d   Thumb Code    10  bootloader.o(i.Bootloader_FlashEnd)
    Bootloader_FlashNext                     0x08000479   Thumb Code    90  bootloader.o(i.Bootloader_FlashNext)
    Bootloader_GetProtectionStatus           0x080004e5   Thumb Code   200  bootloader.o(i.Bootloader_GetProtectionStatus)
    Bootloader_Init                          0x080005b5   Thumb Code    64  bootloader.o(i.Bootloader_Init)
    Bootloader_JumpToApplication             0x080005fd   Thumb Code    66  bootloader.o(i.Bootloader_JumpToApplication)
    BusFault_Handler                         0x08000649   Thumb Code     2  stm32l4xx_it.o(i.BusFault_Handler)
    DebugMon_Handler                         0x0800064b   Thumb Code     2  stm32l4xx_it.o(i.DebugMon_Handler)
    Enter_Bootloader                         0x0800064d   Thumb Code   218  main.o(i.Enter_Bootloader)
    FATFS_LinkDriver                         0x08000745   Thumb Code     6  ff_gen_drv.o(i.FATFS_LinkDriver)
    FATFS_LinkDriverEx                       0x0800074d   Thumb Code    58  ff_gen_drv.o(i.FATFS_LinkDriverEx)
    FATFS_UnLinkDriver                       0x0800078d   Thumb Code     6  ff_gen_drv.o(i.FATFS_UnLinkDriver)
    FATFS_UnLinkDriverEx                     0x08000795   Thumb Code    48  ff_gen_drv.o(i.FATFS_UnLinkDriverEx)
    FLASH_FlushCaches                        0x080007c9   Thumb Code    76  stm32l4xx_hal_flash_ex.o(i.FLASH_FlushCaches)
    FLASH_PageErase                          0x08000b09   Thumb Code    46  stm32l4xx_hal_flash_ex.o(i.FLASH_PageErase)
    FLASH_WaitForLastOperation               0x08000b85   Thumb Code    88  stm32l4xx_hal_flash.o(i.FLASH_WaitForLastOperation)
    HAL_DMA_Abort_IT                         0x08000be5   Thumb Code    78  stm32l4xx_hal_dma.o(i.HAL_DMA_Abort_IT)
    HAL_DeInit                               0x08000c35   Thumb Code    38  stm32l4xx_hal.o(i.HAL_DeInit)
    HAL_Delay                                0x08000c61   Thumb Code    32  stm32l4xx_hal.o(i.HAL_Delay)
    HAL_FLASHEx_Erase                        0x08000c85   Thumb Code   218  stm32l4xx_hal_flash_ex.o(i.HAL_FLASHEx_Erase)
    HAL_FLASHEx_OBGetConfig                  0x08000d71   Thumb Code   148  stm32l4xx_hal_flash_ex.o(i.HAL_FLASHEx_OBGetConfig)
    HAL_FLASHEx_OBProgram                    0x08000e09   Thumb Code   164  stm32l4xx_hal_flash_ex.o(i.HAL_FLASHEx_OBProgram)
    HAL_FLASH_Lock                           0x08000eb5   Thumb Code    14  stm32l4xx_hal_flash.o(i.HAL_FLASH_Lock)
    HAL_FLASH_OB_Launch                      0x08000ec9   Thumb Code    18  stm32l4xx_hal_flash.o(i.HAL_FLASH_OB_Launch)
    HAL_FLASH_OB_Lock                        0x08000ee1   Thumb Code    14  stm32l4xx_hal_flash.o(i.HAL_FLASH_OB_Lock)
    HAL_FLASH_OB_Unlock                      0x08000ef5   Thumb Code    24  stm32l4xx_hal_flash.o(i.HAL_FLASH_OB_Unlock)
    HAL_FLASH_Program                        0x08000f19   Thumb Code   156  stm32l4xx_hal_flash.o(i.HAL_FLASH_Program)
    HAL_FLASH_Unlock                         0x08000fc5   Thumb Code    28  stm32l4xx_hal_flash.o(i.HAL_FLASH_Unlock)
    HAL_GPIO_DeInit                          0x08000fed   Thumb Code   320  stm32l4xx_hal_gpio.o(i.HAL_GPIO_DeInit)
    HAL_GPIO_Init                            0x08001155   Thumb Code   570  stm32l4xx_hal_gpio.o(i.HAL_GPIO_Init)
    HAL_GPIO_WritePin                        0x080013bb   Thumb Code    10  stm32l4xx_hal_gpio.o(i.HAL_GPIO_WritePin)
    HAL_GetTick                              0x080013c5   Thumb Code     6  stm32l4xx_hal.o(i.HAL_GetTick)
    HAL_IncTick                              0x080013d1   Thumb Code    12  stm32l4xx_hal.o(i.HAL_IncTick)
    HAL_Init                                 0x080013e1   Thumb Code    30  stm32l4xx_hal.o(i.HAL_Init)
    HAL_InitTick                             0x08001401   Thumb Code    58  stm32l4xx_hal.o(i.HAL_InitTick)
    HAL_MspDeInit                            0x08001445   Thumb Code     2  stm32l4xx_hal.o(i.HAL_MspDeInit)
    HAL_MspInit                              0x08001449   Thumb Code    38  stm32l4xx_hal_msp.o(i.HAL_MspInit)
    HAL_NVIC_DisableIRQ                      0x08001475   Thumb Code    34  stm32l4xx_hal_cortex.o(i.HAL_NVIC_DisableIRQ)
    HAL_NVIC_EnableIRQ                       0x08001497   Thumb Code    26  stm32l4xx_hal_cortex.o(i.HAL_NVIC_EnableIRQ)
    HAL_NVIC_SetPriority                     0x080014b1   Thumb Code    60  stm32l4xx_hal_cortex.o(i.HAL_NVIC_SetPriority)
    HAL_NVIC_SetPriorityGrouping             0x080014f1   Thumb Code    26  stm32l4xx_hal_cortex.o(i.HAL_NVIC_SetPriorityGrouping)
    HAL_PWREx_ControlVoltageScaling          0x08001515   Thumb Code    90  stm32l4xx_hal_pwr_ex.o(i.HAL_PWREx_ControlVoltageScaling)
    HAL_PWREx_GetVoltageRange                0x0800157d   Thumb Code    10  stm32l4xx_hal_pwr_ex.o(i.HAL_PWREx_GetVoltageRange)
    HAL_RCCEx_PeriphCLKConfig                0x0800158d   Thumb Code   928  stm32l4xx_hal_rcc_ex.o(i.HAL_RCCEx_PeriphCLKConfig)
    HAL_RCC_ClockConfig                      0x0800193d   Thumb Code   266  stm32l4xx_hal_rcc.o(i.HAL_RCC_ClockConfig)
    HAL_RCC_DeInit                           0x08001a5d   Thumb Code   212  stm32l4xx_hal_rcc.o(i.HAL_RCC_DeInit)
    HAL_RCC_GetSysClockFreq                  0x08001b45   Thumb Code   150  stm32l4xx_hal_rcc.o(i.HAL_RCC_GetSysClockFreq)
    HAL_RCC_OscConfig                        0x08001be9   Thumb Code  1310  stm32l4xx_hal_rcc.o(i.HAL_RCC_OscConfig)
    HAL_SD_AbortCallback                     0x08002111   Thumb Code     8  bsp_driver_sd.o(i.HAL_SD_AbortCallback)
    HAL_SD_ConfigWideBusOperation            0x08002119   Thumb Code   270  stm32l4xx_hal_sd.o(i.HAL_SD_ConfigWideBusOperation)
    HAL_SD_DeInit                            0x08002233   Thumb Code    38  stm32l4xx_hal_sd.o(i.HAL_SD_DeInit)
    HAL_SD_ErrorCallback                     0x08002259   Thumb Code     2  stm32l4xx_hal_sd.o(i.HAL_SD_ErrorCallback)
    HAL_SD_GetCardCSD                        0x0800225d   Thumb Code   402  stm32l4xx_hal_sd.o(i.HAL_SD_GetCardCSD)
    HAL_SD_GetCardInfo                       0x080023f5   Thumb Code    36  stm32l4xx_hal_sd.o(i.HAL_SD_GetCardInfo)
    HAL_SD_GetCardState                      0x08002419   Thumb Code    44  stm32l4xx_hal_sd.o(i.HAL_SD_GetCardState)
    HAL_SD_IRQHandler                        0x08002445   Thumb Code   496  stm32l4xx_hal_sd.o(i.HAL_SD_IRQHandler)
    HAL_SD_Init                              0x0800263d   Thumb Code    54  stm32l4xx_hal_sd.o(i.HAL_SD_Init)
    HAL_SD_InitCard                          0x08002675   Thumb Code   120  stm32l4xx_hal_sd.o(i.HAL_SD_InitCard)
    HAL_SD_MspDeInit                         0x080026f1   Thumb Code    50  stm32l4xx_hal_msp.o(i.HAL_SD_MspDeInit)
    HAL_SD_MspInit                           0x08002735   Thumb Code   130  stm32l4xx_hal_msp.o(i.HAL_SD_MspInit)
    HAL_SD_ReadBlocks                        0x080027c9   Thumb Code   468  stm32l4xx_hal_sd.o(i.HAL_SD_ReadBlocks)
    HAL_SD_RxCpltCallback                    0x080029a7   Thumb Code     8  bsp_driver_sd.o(i.HAL_SD_RxCpltCallback)
    HAL_SD_TxCpltCallback                    0x080029af   Thumb Code     8  bsp_driver_sd.o(i.HAL_SD_TxCpltCallback)
    HAL_SD_WriteBlocks                       0x080029b9   Thumb Code   422  stm32l4xx_hal_sd.o(i.HAL_SD_WriteBlocks)
    HAL_SYSTICK_Config                       0x08002b6b   Thumb Code    40  stm32l4xx_hal_cortex.o(i.HAL_SYSTICK_Config)
    HardFault_Handler                        0x08002b93   Thumb Code     2  stm32l4xx_it.o(i.HardFault_Handler)
    MX_FATFS_DEInit                          0x08002b95   Thumb Code    16  fatfs.o(i.MX_FATFS_DEInit)
    MX_FATFS_Init                            0x08002ba9   Thumb Code    18  fatfs.o(i.MX_FATFS_Init)
    MemManage_Handler                        0x08002c8d   Thumb Code     2  stm32l4xx_it.o(i.MemManage_Handler)
    NMI_Handler                              0x08002c8f   Thumb Code     2  stm32l4xx_it.o(i.NMI_Handler)
    PendSV_Handler                           0x08002c91   Thumb Code     2  stm32l4xx_it.o(i.PendSV_Handler)
    SDMMC1_IRQHandler                        0x08002f45   Thumb Code     6  stm32l4xx_it.o(i.SDMMC1_IRQHandler)
    SDMMC_CmdAppCommand                      0x08002f51   Thumb Code    50  stm32l4xx_ll_sdmmc.o(i.SDMMC_CmdAppCommand)
    SDMMC_CmdAppOperCommand                  0x08002f85   Thumb Code    48  stm32l4xx_ll_sdmmc.o(i.SDMMC_CmdAppOperCommand)
    SDMMC_CmdBlockLength                     0x08002fb9   Thumb Code    50  stm32l4xx_ll_sdmmc.o(i.SDMMC_CmdBlockLength)
    SDMMC_CmdBusWidth                        0x08002feb   Thumb Code    50  stm32l4xx_ll_sdmmc.o(i.SDMMC_CmdBusWidth)
    SDMMC_CmdGoIdleState                     0x0800301d   Thumb Code    74  stm32l4xx_ll_sdmmc.o(i.SDMMC_CmdGoIdleState)
    SDMMC_CmdOperCond                        0x0800306d   Thumb Code   112  stm32l4xx_ll_sdmmc.o(i.SDMMC_CmdOperCond)
    SDMMC_CmdReadMultiBlock                  0x080030e1   Thumb Code    50  stm32l4xx_ll_sdmmc.o(i.SDMMC_CmdReadMultiBlock)
    SDMMC_CmdReadSingleBlock                 0x08003113   Thumb Code    50  stm32l4xx_ll_sdmmc.o(i.SDMMC_CmdReadSingleBlock)
    SDMMC_CmdSelDesel                        0x08003145   Thumb Code    50  stm32l4xx_ll_sdmmc.o(i.SDMMC_CmdSelDesel)
    SDMMC_CmdSendCID                         0x08003177   Thumb Code    44  stm32l4xx_ll_sdmmc.o(i.SDMMC_CmdSendCID)
    SDMMC_CmdSendCSD                         0x080031a3   Thumb Code    44  stm32l4xx_ll_sdmmc.o(i.SDMMC_CmdSendCSD)
    SDMMC_CmdSendSCR                         0x080031cf   Thumb Code    48  stm32l4xx_ll_sdmmc.o(i.SDMMC_CmdSendSCR)
    SDMMC_CmdSendStatus                      0x080031ff   Thumb Code    50  stm32l4xx_ll_sdmmc.o(i.SDMMC_CmdSendStatus)
    SDMMC_CmdSetRelAdd                       0x08003231   Thumb Code    48  stm32l4xx_ll_sdmmc.o(i.SDMMC_CmdSetRelAdd)
    SDMMC_CmdStopTransfer                    0x08003261   Thumb Code    46  stm32l4xx_ll_sdmmc.o(i.SDMMC_CmdStopTransfer)
    SDMMC_CmdWriteMultiBlock                 0x08003295   Thumb Code    50  stm32l4xx_ll_sdmmc.o(i.SDMMC_CmdWriteMultiBlock)
    SDMMC_CmdWriteSingleBlock                0x080032c7   Thumb Code    50  stm32l4xx_ll_sdmmc.o(i.SDMMC_CmdWriteSingleBlock)
    SDMMC_ConfigData                         0x080032f9   Thumb Code    36  stm32l4xx_ll_sdmmc.o(i.SDMMC_ConfigData)
    SDMMC_GetPowerState                      0x08003559   Thumb Code     8  stm32l4xx_ll_sdmmc.o(i.SDMMC_GetPowerState)
    SDMMC_GetResponse                        0x08003561   Thumb Code     6  stm32l4xx_ll_sdmmc.o(i.SDMMC_GetResponse)
    SDMMC_Init                               0x08003567   Thumb Code    34  stm32l4xx_ll_sdmmc.o(i.SDMMC_Init)
    SDMMC_PowerState_OFF                     0x08003589   Thumb Code     8  stm32l4xx_ll_sdmmc.o(i.SDMMC_PowerState_OFF)
    SDMMC_PowerState_ON                      0x08003591   Thumb Code    16  stm32l4xx_ll_sdmmc.o(i.SDMMC_PowerState_ON)
    SDMMC_ReadFIFO                           0x080035a1   Thumb Code     6  stm32l4xx_ll_sdmmc.o(i.SDMMC_ReadFIFO)
    SDMMC_SendCommand                        0x080035a7   Thumb Code    32  stm32l4xx_ll_sdmmc.o(i.SDMMC_SendCommand)
    SDMMC_WriteFIFO                          0x080035c7   Thumb Code    10  stm32l4xx_ll_sdmmc.o(i.SDMMC_WriteFIFO)
    SD_DeInit                                0x08003679   Thumb Code    14  main.o(i.SD_DeInit)
    SD_Eject                                 0x08003689   Thumb Code    10  main.o(i.SD_Eject)
    SD_initialize                            0x0800391d   Thumb Code    28  sd_diskio.o(i.SD_initialize)
    SD_ioctl                                 0x0800393d   Thumb Code    76  sd_diskio.o(i.SD_ioctl)
    SD_read                                  0x0800398d   Thumb Code    38  sd_diskio.o(i.SD_read)
    SD_status                                0x080039b3   Thumb Code     4  sd_diskio.o(i.SD_status)
    SD_write                                 0x080039b9   Thumb Code    38  sd_diskio.o(i.SD_write)
    SVC_Handler                              0x080039df   Thumb Code     2  stm32l4xx_it.o(i.SVC_Handler)
    SysTick_Handler                          0x080039e1   Thumb Code     4  stm32l4xx_it.o(i.SysTick_Handler)
    SystemClock_Config                       0x080039e5   Thumb Code   162  main.o(i.SystemClock_Config)
    SystemInit                               0x08003a89   Thumb Code    56  system_stm32l4xx.o(i.SystemInit)
    UsageFault_Handler                       0x08003acd   Thumb Code     2  stm32l4xx_it.o(i.UsageFault_Handler)
    __scatterload_copy                       0x08003aef   Thumb Code    14  handlers.o(i.__scatterload_copy)
    __scatterload_null                       0x08003afd   Thumb Code     2  handlers.o(i.__scatterload_null)
    __scatterload_zeroinit                   0x08003aff   Thumb Code    14  handlers.o(i.__scatterload_zeroinit)
    disk_initialize                          0x08004029   Thumb Code    36  diskio.o(i.disk_initialize)
    disk_ioctl                               0x08004051   Thumb Code    24  diskio.o(i.disk_ioctl)
    disk_read                                0x0800406d   Thumb Code    24  diskio.o(i.disk_read)
    disk_status                              0x08004089   Thumb Code    18  diskio.o(i.disk_status)
    disk_write                               0x080040a1   Thumb Code    24  diskio.o(i.disk_write)
    f_close                                  0x080040bd   Thumb Code    40  ff.o(i.f_close)
    f_mount                                  0x080040e5   Thumb Code    84  ff.o(i.f_mount)
    f_open                                   0x0800413d   Thumb Code   534  ff.o(i.f_open)
    f_read                                   0x08004359   Thumb Code   374  ff.o(i.f_read)
    f_sync                                   0x080044d5   Thumb Code   142  ff.o(i.f_sync)
    get_fattime                              0x0800494f   Thumb Code     4  fatfs.o(i.get_fattime)
    main                                     0x08004a59   Thumb Code   102  main.o(i.main)
    SD_Driver                                0x08004e08   Data          20  sd_diskio.o(.constdata)
    AHBPrescTable                            0x08004e1c   Data          16  system_stm32l4xx.o(.constdata)
    MSIRangeTable                            0x08004e2c   Data          48  system_stm32l4xx.o(.constdata)
    Region$$Table$$Base                      0x08004ef8   Number         0  anon$$obj.o(Region$$Table)
    Region$$Table$$Limit                     0x08004f18   Number         0  anon$$obj.o(Region$$Table)
    retSD                                    0x20000005   Data           1  fatfs.o(.data)
    SDPath                                   0x20000006   Data           4  fatfs.o(.data)
    uwTickPrio                               0x2000000c   Data           4  stm32l4xx_hal.o(.data)
    uwTickFreq                               0x20000010   Data           4  stm32l4xx_hal.o(.data)
    uwTick                                   0x20000014   Data           4  stm32l4xx_hal.o(.data)
    pFlash                                   0x20000018   Data          32  stm32l4xx_hal_flash.o(.data)
    SystemCoreClock                          0x20000038   Data           4  system_stm32l4xx.o(.data)
    hsd1                                     0x20000044   Data         132  main.o(.bss)
    SDFatFS                                  0x200000c8   Data        4148  fatfs.o(.bss)
    SDFile                                   0x200010fc   Data        4144  fatfs.o(.bss)
    disk                                     0x2000214c   Data          12  ff_gen_drv.o(.bss)
    __initial_sp                             0x20002558   Data           0  startup_stm32l476xx.o(STACK)



==============================================================================

Memory Map of the image

  Image Entry point : 0x08000189

  Load Region LR_IROM1 (Base: 0x08000000, Size: 0x00004f5c, Max: 0x00100000, ABSOLUTE)

    Execution Region ER_IROM1 (Exec base: 0x08000000, Load base: 0x08000000, Size: 0x00004f18, Max: 0x00100000, ABSOLUTE)

    Exec Addr    Load Addr    Size         Type   Attr      Idx    E Section Name        Object

    0x08000000   0x08000000   0x00000188   Data   RO            3    RESET               startup_stm32l476xx.o
    0x08000188   0x08000188   0x00000000   Code   RO         3779  * .ARM.Collect$$$$00000000  mc_w.l(entry.o)
    0x08000188   0x08000188   0x00000004   Code   RO         3784    .ARM.Collect$$$$00000001  mc_w.l(entry2.o)
    0x0800018c   0x0800018c   0x00000004   Code   RO         3787    .ARM.Collect$$$$00000004  mc_w.l(entry5.o)
    0x08000190   0x08000190   0x00000000   Code   RO         3789    .ARM.Collect$$$$00000008  mc_w.l(entry7b.o)
    0x08000190   0x08000190   0x00000000   Code   RO         3791    .ARM.Collect$$$$0000000A  mc_w.l(entry8b.o)
    0x08000190   0x08000190   0x00000008   Code   RO         3792    .ARM.Collect$$$$0000000B  mc_w.l(entry9a.o)
    0x08000198   0x08000198   0x00000000   Code   RO         3794    .ARM.Collect$$$$0000000D  mc_w.l(entry10a.o)
    0x08000198   0x08000198   0x00000000   Code   RO         3796    .ARM.Collect$$$$0000000F  mc_w.l(entry11a.o)
    0x08000198   0x08000198   0x00000004   Code   RO         3785    .ARM.Collect$$$$00002712  mc_w.l(entry2.o)
    0x0800019c   0x0800019c   0x00000024   Code   RO            4    .text               startup_stm32l476xx.o
    0x080001c0   0x080001c0   0x00000024   Code   RO         3782    .text               mc_w.l(memseta.o)
    0x080001e4   0x080001e4   0x00000024   Code   RO         3798    .text               mc_w.l(init.o)
    0x08000208   0x08000208   0x00000002   Code   RO          398    i.BSP_SD_AbortCallback  bsp_driver_sd.o
    0x0800020a   0x0800020a   0x00000002   PAD
    0x0800020c   0x0800020c   0x00000024   Code   RO          399    i.BSP_SD_DeInit     bsp_driver_sd.o
    0x08000230   0x08000230   0x0000000c   Code   RO          401    i.BSP_SD_GetCardInfo  bsp_driver_sd.o
    0x0800023c   0x0800023c   0x00000018   Code   RO          402    i.BSP_SD_GetCardState  bsp_driver_sd.o
    0x08000254   0x08000254   0x00000030   Code   RO          404    i.BSP_SD_Init       bsp_driver_sd.o
    0x08000284   0x08000284   0x0000000e   Code   RO          405    i.BSP_SD_IsDetected  bsp_driver_sd.o
    0x08000292   0x08000292   0x00000002   PAD
    0x08000294   0x08000294   0x00000020   Code   RO          406    i.BSP_SD_ReadBlocks  bsp_driver_sd.o
    0x080002b4   0x080002b4   0x00000002   Code   RO          408    i.BSP_SD_ReadCpltCallback  bsp_driver_sd.o
    0x080002b6   0x080002b6   0x00000002   PAD
    0x080002b8   0x080002b8   0x00000020   Code   RO          409    i.BSP_SD_WriteBlocks  bsp_driver_sd.o
    0x080002d8   0x080002d8   0x00000002   Code   RO          411    i.BSP_SD_WriteCpltCallback  bsp_driver_sd.o
    0x080002da   0x080002da   0x00000002   PAD
    0x080002dc   0x080002dc   0x0000001c   Code   RO           13    i.Bootloader_CheckForApplication  bootloader.o
    0x080002f8   0x080002f8   0x0000002c   Code   RO           14    i.Bootloader_CheckSize  bootloader.o
    0x08000324   0x08000324   0x000000b2   Code   RO           15    i.Bootloader_ConfigProtection  bootloader.o
    0x080003d6   0x080003d6   0x00000002   PAD
    0x080003d8   0x080003d8   0x0000007c   Code   RO           16    i.Bootloader_Erase  bootloader.o
    0x08000454   0x08000454   0x00000018   Code   RO           17    i.Bootloader_FlashBegin  bootloader.o
    0x0800046c   0x0800046c   0x0000000a   Code   RO           18    i.Bootloader_FlashEnd  bootloader.o
    0x08000476   0x08000476   0x00000002   PAD
    0x08000478   0x08000478   0x0000006c   Code   RO           19    i.Bootloader_FlashNext  bootloader.o
    0x080004e4   0x080004e4   0x000000d0   Code   RO           20    i.Bootloader_GetProtectionStatus  bootloader.o
    0x080005b4   0x080005b4   0x00000048   Code   RO           22    i.Bootloader_Init   bootloader.o
    0x080005fc   0x080005fc   0x0000004c   Code   RO           23    i.Bootloader_JumpToApplication  bootloader.o
    0x08000648   0x08000648   0x00000002   Code   RO          654    i.BusFault_Handler  stm32l4xx_it.o
    0x0800064a   0x0800064a   0x00000002   Code   RO          655    i.DebugMon_Handler  stm32l4xx_it.o
    0x0800064c   0x0800064c   0x000000f8   Code   RO          212    i.Enter_Bootloader  main.o
    0x08000744   0x08000744   0x00000006   Code   RO         3708    i.FATFS_LinkDriver  ff_gen_drv.o
    0x0800074a   0x0800074a   0x00000002   PAD
    0x0800074c   0x0800074c   0x00000040   Code   RO         3709    i.FATFS_LinkDriverEx  ff_gen_drv.o
    0x0800078c   0x0800078c   0x00000006   Code   RO         3710    i.FATFS_UnLinkDriver  ff_gen_drv.o
    0x08000792   0x08000792   0x00000002   PAD
    0x08000794   0x08000794   0x00000034   Code   RO         3711    i.FATFS_UnLinkDriverEx  ff_gen_drv.o
    0x080007c8   0x080007c8   0x00000054   Code   RO         1873    i.FLASH_FlushCaches  stm32l4xx_hal_flash_ex.o
    0x0800081c   0x0800081c   0x00000028   Code   RO         1874    i.FLASH_MassErase   stm32l4xx_hal_flash_ex.o
    0x08000844   0x08000844   0x0000008c   Code   RO         1875    i.FLASH_OB_GetPCROP  stm32l4xx_hal_flash_ex.o
    0x080008d0   0x080008d0   0x000000c4   Code   RO         1876    i.FLASH_OB_PCROPConfig  stm32l4xx_hal_flash_ex.o
    0x08000994   0x08000994   0x000000f8   Code   RO         1877    i.FLASH_OB_UserConfig  stm32l4xx_hal_flash_ex.o
    0x08000a8c   0x08000a8c   0x0000007c   Code   RO         1878    i.FLASH_OB_WRPConfig  stm32l4xx_hal_flash_ex.o
    0x08000b08   0x08000b08   0x00000034   Code   RO         1879    i.FLASH_PageErase   stm32l4xx_hal_flash_ex.o
    0x08000b3c   0x08000b3c   0x0000001c   Code   RO         1764    i.FLASH_Program_DoubleWord  stm32l4xx_hal_flash.o
    0x08000b58   0x08000b58   0x0000002c   Code   RO         1765    i.FLASH_Program_Fast  stm32l4xx_hal_flash.o
    0x08000b84   0x08000b84   0x00000060   Code   RO         1766    i.FLASH_WaitForLastOperation  stm32l4xx_hal_flash.o
    0x08000be4   0x08000be4   0x0000004e   Code   RO         2050    i.HAL_DMA_Abort_IT  stm32l4xx_hal_dma.o
    0x08000c32   0x08000c32   0x00000002   PAD
    0x08000c34   0x08000c34   0x0000002c   Code   RO          778    i.HAL_DeInit        stm32l4xx_hal.o
    0x08000c60   0x08000c60   0x00000024   Code   RO          779    i.HAL_Delay         stm32l4xx_hal.o
    0x08000c84   0x08000c84   0x000000ea   Code   RO         1880    i.HAL_FLASHEx_Erase  stm32l4xx_hal_flash_ex.o
    0x08000d6e   0x08000d6e   0x00000002   PAD
    0x08000d70   0x08000d70   0x00000098   Code   RO         1882    i.HAL_FLASHEx_OBGetConfig  stm32l4xx_hal_flash_ex.o
    0x08000e08   0x08000e08   0x000000ac   Code   RO         1883    i.HAL_FLASHEx_OBProgram  stm32l4xx_hal_flash_ex.o
    0x08000eb4   0x08000eb4   0x00000014   Code   RO         1770    i.HAL_FLASH_Lock    stm32l4xx_hal_flash.o
    0x08000ec8   0x08000ec8   0x00000018   Code   RO         1771    i.HAL_FLASH_OB_Launch  stm32l4xx_hal_flash.o
    0x08000ee0   0x08000ee0   0x00000014   Code   RO         1772    i.HAL_FLASH_OB_Lock  stm32l4xx_hal_flash.o
    0x08000ef4   0x08000ef4   0x00000024   Code   RO         1773    i.HAL_FLASH_OB_Unlock  stm32l4xx_hal_flash.o
    0x08000f18   0x08000f18   0x000000aa   Code   RO         1775    i.HAL_FLASH_Program  stm32l4xx_hal_flash.o
    0x08000fc2   0x08000fc2   0x00000002   PAD
    0x08000fc4   0x08000fc4   0x00000028   Code   RO         1777    i.HAL_FLASH_Unlock  stm32l4xx_hal_flash.o
    0x08000fec   0x08000fec   0x00000166   Code   RO         1982    i.HAL_GPIO_DeInit   stm32l4xx_hal_gpio.o
    0x08001152   0x08001152   0x00000002   PAD
    0x08001154   0x08001154   0x00000266   Code   RO         1985    i.HAL_GPIO_Init     stm32l4xx_hal_gpio.o
    0x080013ba   0x080013ba   0x0000000a   Code   RO         1989    i.HAL_GPIO_WritePin  stm32l4xx_hal_gpio.o
    0x080013c4   0x080013c4   0x0000000c   Code   RO          783    i.HAL_GetTick       stm32l4xx_hal.o
    0x080013d0   0x080013d0   0x00000010   Code   RO          789    i.HAL_IncTick       stm32l4xx_hal.o
    0x080013e0   0x080013e0   0x0000001e   Code   RO          790    i.HAL_Init          stm32l4xx_hal.o
    0x080013fe   0x080013fe   0x00000002   PAD
    0x08001400   0x08001400   0x00000044   Code   RO          791    i.HAL_InitTick      stm32l4xx_hal.o
    0x08001444   0x08001444   0x00000002   Code   RO          792    i.HAL_MspDeInit     stm32l4xx_hal.o
    0x08001446   0x08001446   0x00000002   PAD
    0x08001448   0x08001448   0x0000002c   Code   RO          736    i.HAL_MspInit       stm32l4xx_hal_msp.o
    0x08001474   0x08001474   0x00000022   Code   RO         2531    i.HAL_NVIC_DisableIRQ  stm32l4xx_hal_cortex.o
    0x08001496   0x08001496   0x0000001a   Code   RO         2532    i.HAL_NVIC_EnableIRQ  stm32l4xx_hal_cortex.o
    0x080014b0   0x080014b0   0x00000040   Code   RO         2538    i.HAL_NVIC_SetPriority  stm32l4xx_hal_cortex.o
    0x080014f0   0x080014f0   0x00000024   Code   RO         2539    i.HAL_NVIC_SetPriorityGrouping  stm32l4xx_hal_cortex.o
    0x08001514   0x08001514   0x00000068   Code   RO         2276    i.HAL_PWREx_ControlVoltageScaling  stm32l4xx_hal_pwr_ex.o
    0x0800157c   0x0800157c   0x00000010   Code   RO         2307    i.HAL_PWREx_GetVoltageRange  stm32l4xx_hal_pwr_ex.o
    0x0800158c   0x0800158c   0x000003ae   Code   RO         1638    i.HAL_RCCEx_PeriphCLKConfig  stm32l4xx_hal_rcc_ex.o
    0x0800193a   0x0800193a   0x00000002   PAD
    0x0800193c   0x0800193c   0x00000120   Code   RO         1523    i.HAL_RCC_ClockConfig  stm32l4xx_hal_rcc.o
    0x08001a5c   0x08001a5c   0x000000e8   Code   RO         1524    i.HAL_RCC_DeInit    stm32l4xx_hal_rcc.o
    0x08001b44   0x08001b44   0x000000a4   Code   RO         1531    i.HAL_RCC_GetSysClockFreq  stm32l4xx_hal_rcc.o
    0x08001be8   0x08001be8   0x00000528   Code   RO         1534    i.HAL_RCC_OscConfig  stm32l4xx_hal_rcc.o
    0x08002110   0x08002110   0x00000008   Code   RO          412    i.HAL_SD_AbortCallback  bsp_driver_sd.o
    0x08002118   0x08002118   0x0000011a   Code   RO         3007    i.HAL_SD_ConfigWideBusOperation  stm32l4xx_hal_sd.o
    0x08002232   0x08002232   0x00000026   Code   RO         3008    i.HAL_SD_DeInit     stm32l4xx_hal_sd.o
    0x08002258   0x08002258   0x00000002   Code   RO         3010    i.HAL_SD_ErrorCallback  stm32l4xx_hal_sd.o
    0x0800225a   0x0800225a   0x00000002   PAD
    0x0800225c   0x0800225c   0x00000198   Code   RO         3012    i.HAL_SD_GetCardCSD  stm32l4xx_hal_sd.o
    0x080023f4   0x080023f4   0x00000024   Code   RO         3013    i.HAL_SD_GetCardInfo  stm32l4xx_hal_sd.o
    0x08002418   0x08002418   0x0000002c   Code   RO         3014    i.HAL_SD_GetCardState  stm32l4xx_hal_sd.o
    0x08002444   0x08002444   0x000001f8   Code   RO         3018    i.HAL_SD_IRQHandler  stm32l4xx_hal_sd.o
    0x0800263c   0x0800263c   0x00000036   Code   RO         3019    i.HAL_SD_Init       stm32l4xx_hal_sd.o
    0x08002672   0x08002672   0x00000002   PAD
    0x08002674   0x08002674   0x0000007c   Code   RO         3020    i.HAL_SD_InitCard   stm32l4xx_hal_sd.o
    0x080026f0   0x080026f0   0x00000044   Code   RO          737    i.HAL_SD_MspDeInit  stm32l4xx_hal_msp.o
    0x08002734   0x08002734   0x00000094   Code   RO          738    i.HAL_SD_MspInit    stm32l4xx_hal_msp.o
    0x080027c8   0x080027c8   0x000001de   Code   RO         3023    i.HAL_SD_ReadBlocks  stm32l4xx_hal_sd.o
    0x080029a6   0x080029a6   0x00000008   Code   RO          413    i.HAL_SD_RxCpltCallback  bsp_driver_sd.o
    0x080029ae   0x080029ae   0x00000008   Code   RO          414    i.HAL_SD_TxCpltCallback  bsp_driver_sd.o
    0x080029b6   0x080029b6   0x00000002   PAD
    0x080029b8   0x080029b8   0x000001b2   Code   RO         3028    i.HAL_SD_WriteBlocks  stm32l4xx_hal_sd.o
    0x08002b6a   0x08002b6a   0x00000028   Code   RO         2543    i.HAL_SYSTICK_Config  stm32l4xx_hal_cortex.o
    0x08002b92   0x08002b92   0x00000002   Code   RO          656    i.HardFault_Handler  stm32l4xx_it.o
    0x08002b94   0x08002b94   0x00000014   Code   RO          606    i.MX_FATFS_DEInit   fatfs.o
    0x08002ba8   0x08002ba8   0x0000001c   Code   RO          607    i.MX_FATFS_Init     fatfs.o
    0x08002bc4   0x08002bc4   0x000000c8   Code   RO          214    i.MX_GPIO_Init      main.o
    0x08002c8c   0x08002c8c   0x00000002   Code   RO          657    i.MemManage_Handler  stm32l4xx_it.o
    0x08002c8e   0x08002c8e   0x00000002   Code   RO          658    i.NMI_Handler       stm32l4xx_it.o
    0x08002c90   0x08002c90   0x00000002   Code   RO          659    i.PendSV_Handler    stm32l4xx_it.o
    0x08002c92   0x08002c92   0x00000002   PAD
    0x08002c94   0x08002c94   0x0000012c   Code   RO         1642    i.RCCEx_PLLSAI1_Config  stm32l4xx_hal_rcc_ex.o
    0x08002dc0   0x08002dc0   0x00000108   Code   RO         1643    i.RCCEx_PLLSAI2_Config  stm32l4xx_hal_rcc_ex.o
    0x08002ec8   0x08002ec8   0x0000007c   Code   RO         1535    i.RCC_SetFlashLatencyFromMSIRange  stm32l4xx_hal_rcc.o
    0x08002f44   0x08002f44   0x0000000c   Code   RO          660    i.SDMMC1_IRQHandler  stm32l4xx_it.o
    0x08002f50   0x08002f50   0x00000032   Code   RO         2734    i.SDMMC_CmdAppCommand  stm32l4xx_ll_sdmmc.o
    0x08002f82   0x08002f82   0x00000002   PAD
    0x08002f84   0x08002f84   0x00000034   Code   RO         2735    i.SDMMC_CmdAppOperCommand  stm32l4xx_ll_sdmmc.o
    0x08002fb8   0x08002fb8   0x00000032   Code   RO         2736    i.SDMMC_CmdBlockLength  stm32l4xx_ll_sdmmc.o
    0x08002fea   0x08002fea   0x00000032   Code   RO         2737    i.SDMMC_CmdBusWidth  stm32l4xx_ll_sdmmc.o
    0x0800301c   0x0800301c   0x00000050   Code   RO         2741    i.SDMMC_CmdGoIdleState  stm32l4xx_ll_sdmmc.o
    0x0800306c   0x0800306c   0x00000074   Code   RO         2743    i.SDMMC_CmdOperCond  stm32l4xx_ll_sdmmc.o
    0x080030e0   0x080030e0   0x00000032   Code   RO         2744    i.SDMMC_CmdReadMultiBlock  stm32l4xx_ll_sdmmc.o
    0x08003112   0x08003112   0x00000032   Code   RO         2745    i.SDMMC_CmdReadSingleBlock  stm32l4xx_ll_sdmmc.o
    0x08003144   0x08003144   0x00000032   Code   RO         2748    i.SDMMC_CmdSelDesel  stm32l4xx_ll_sdmmc.o
    0x08003176   0x08003176   0x0000002c   Code   RO         2749    i.SDMMC_CmdSendCID  stm32l4xx_ll_sdmmc.o
    0x080031a2   0x080031a2   0x0000002c   Code   RO         2750    i.SDMMC_CmdSendCSD  stm32l4xx_ll_sdmmc.o
    0x080031ce   0x080031ce   0x00000030   Code   RO         2752    i.SDMMC_CmdSendSCR  stm32l4xx_ll_sdmmc.o
    0x080031fe   0x080031fe   0x00000032   Code   RO         2753    i.SDMMC_CmdSendStatus  stm32l4xx_ll_sdmmc.o
    0x08003230   0x08003230   0x00000030   Code   RO         2754    i.SDMMC_CmdSetRelAdd  stm32l4xx_ll_sdmmc.o
    0x08003260   0x08003260   0x00000034   Code   RO         2756    i.SDMMC_CmdStopTransfer  stm32l4xx_ll_sdmmc.o
    0x08003294   0x08003294   0x00000032   Code   RO         2758    i.SDMMC_CmdWriteMultiBlock  stm32l4xx_ll_sdmmc.o
    0x080032c6   0x080032c6   0x00000032   Code   RO         2759    i.SDMMC_CmdWriteSingleBlock  stm32l4xx_ll_sdmmc.o
    0x080032f8   0x080032f8   0x00000024   Code   RO         2760    i.SDMMC_ConfigData  stm32l4xx_ll_sdmmc.o
    0x0800331c   0x0800331c   0x00000120   Code   RO         2761    i.SDMMC_GetCmdResp1  stm32l4xx_ll_sdmmc.o
    0x0800343c   0x0800343c   0x00000050   Code   RO         2762    i.SDMMC_GetCmdResp2  stm32l4xx_ll_sdmmc.o
    0x0800348c   0x0800348c   0x00000044   Code   RO         2763    i.SDMMC_GetCmdResp3  stm32l4xx_ll_sdmmc.o
    0x080034d0   0x080034d0   0x00000088   Code   RO         2764    i.SDMMC_GetCmdResp6  stm32l4xx_ll_sdmmc.o
    0x08003558   0x08003558   0x00000008   Code   RO         2768    i.SDMMC_GetPowerState  stm32l4xx_ll_sdmmc.o
    0x08003560   0x08003560   0x00000006   Code   RO         2769    i.SDMMC_GetResponse  stm32l4xx_ll_sdmmc.o
    0x08003566   0x08003566   0x00000022   Code   RO         2770    i.SDMMC_Init        stm32l4xx_ll_sdmmc.o
    0x08003588   0x08003588   0x00000008   Code   RO         2771    i.SDMMC_PowerState_OFF  stm32l4xx_ll_sdmmc.o
    0x08003590   0x08003590   0x00000010   Code   RO         2772    i.SDMMC_PowerState_ON  stm32l4xx_ll_sdmmc.o
    0x080035a0   0x080035a0   0x00000006   Code   RO         2773    i.SDMMC_ReadFIFO    stm32l4xx_ll_sdmmc.o
    0x080035a6   0x080035a6   0x00000020   Code   RO         2774    i.SDMMC_SendCommand  stm32l4xx_ll_sdmmc.o
    0x080035c6   0x080035c6   0x0000000a   Code   RO         2776    i.SDMMC_WriteFIFO   stm32l4xx_ll_sdmmc.o
    0x080035d0   0x080035d0   0x00000020   Code   RO          528    i.SD_CheckStatus    sd_diskio.o
    0x080035f0   0x080035f0   0x00000044   Code   RO         3033    i.SD_DMARxAbort     stm32l4xx_hal_sd.o
    0x08003634   0x08003634   0x00000044   Code   RO         3035    i.SD_DMATxAbort     stm32l4xx_hal_sd.o
    0x08003678   0x08003678   0x0000000e   Code   RO          215    i.SD_DeInit         main.o
    0x08003686   0x08003686   0x00000002   PAD
    0x08003688   0x08003688   0x00000010   Code   RO          216    i.SD_Eject          main.o
    0x08003698   0x08003698   0x000000da   Code   RO         3036    i.SD_FindSCR        stm32l4xx_hal_sd.o
    0x08003772   0x08003772   0x000000ee   Code   RO         3037    i.SD_InitCard       stm32l4xx_hal_sd.o
    0x08003860   0x08003860   0x000000ba   Code   RO         3038    i.SD_PowerON        stm32l4xx_hal_sd.o
    0x0800391a   0x0800391a   0x00000002   PAD
    0x0800391c   0x0800391c   0x00000020   Code   RO          529    i.SD_initialize     sd_diskio.o
    0x0800393c   0x0800393c   0x00000050   Code   RO          530    i.SD_ioctl          sd_diskio.o
    0x0800398c   0x0800398c   0x00000026   Code   RO          531    i.SD_read           sd_diskio.o
    0x080039b2   0x080039b2   0x00000004   Code   RO          532    i.SD_status         sd_diskio.o
    0x080039b6   0x080039b6   0x00000002   PAD
    0x080039b8   0x080039b8   0x00000026   Code   RO          533    i.SD_write          sd_diskio.o
    0x080039de   0x080039de   0x00000002   Code   RO          661    i.SVC_Handler       stm32l4xx_it.o
    0x080039e0   0x080039e0   0x00000004   Code   RO          662    i.SysTick_Handler   stm32l4xx_it.o
    0x080039e4   0x080039e4   0x000000a2   Code   RO          217    i.SystemClock_Config  main.o
    0x08003a86   0x08003a86   0x00000002   PAD
    0x08003a88   0x08003a88   0x00000044   Code   RO         3284    i.SystemInit        system_stm32l4xx.o
    0x08003acc   0x08003acc   0x00000002   Code   RO          663    i.UsageFault_Handler  stm32l4xx_it.o
    0x08003ace   0x08003ace   0x00000020   Code   RO         2545    i.__NVIC_SetPriority  stm32l4xx_hal_cortex.o
    0x08003aee   0x08003aee   0x0000000e   Code   RO         3802    i.__scatterload_copy  mc_w.l(handlers.o)
    0x08003afc   0x08003afc   0x00000002   Code   RO         3803    i.__scatterload_null  mc_w.l(handlers.o)
    0x08003afe   0x08003afe   0x0000000e   Code   RO         3804    i.__scatterload_zeroinit  mc_w.l(handlers.o)
    0x08003b0c   0x08003b0c   0x00000070   Code   RO         3376    i.check_fs          ff.o
    0x08003b7c   0x08003b7c   0x0000005c   Code   RO         3377    i.chk_lock          ff.o
    0x08003bd8   0x08003bd8   0x00000020   Code   RO         3378    i.clear_lock        ff.o
    0x08003bf8   0x08003bf8   0x00000026   Code   RO         3379    i.clmt_clust        ff.o
    0x08003c1e   0x08003c1e   0x00000018   Code   RO         3380    i.clust2sect        ff.o
    0x08003c36   0x08003c36   0x000000a4   Code   RO         3381    i.create_chain      ff.o
    0x08003cda   0x08003cda   0x00000002   PAD
    0x08003cdc   0x08003cdc   0x000000bc   Code   RO         3382    i.create_name       ff.o
    0x08003d98   0x08003d98   0x00000034   Code   RO         3383    i.dec_lock          ff.o
    0x08003dcc   0x08003dcc   0x00000064   Code   RO         3384    i.dir_find          ff.o
    0x08003e30   0x08003e30   0x00000102   Code   RO         3385    i.dir_next          ff.o
    0x08003f32   0x08003f32   0x00000066   Code   RO         3387    i.dir_register      ff.o
    0x08003f98   0x08003f98   0x0000008e   Code   RO         3389    i.dir_sdi           ff.o
    0x08004026   0x08004026   0x00000002   PAD
    0x08004028   0x08004028   0x00000028   Code   RO         3321    i.disk_initialize   diskio.o
    0x08004050   0x08004050   0x0000001c   Code   RO         3322    i.disk_ioctl        diskio.o
    0x0800406c   0x0800406c   0x0000001c   Code   RO         3323    i.disk_read         diskio.o
    0x08004088   0x08004088   0x00000018   Code   RO         3324    i.disk_status       diskio.o
    0x080040a0   0x080040a0   0x0000001c   Code   RO         3325    i.disk_write        diskio.o
    0x080040bc   0x080040bc   0x00000028   Code   RO         3390    i.f_close           ff.o
    0x080040e4   0x080040e4   0x00000058   Code   RO         3397    i.f_mount           ff.o
    0x0800413c   0x0800413c   0x0000021c   Code   RO         3398    i.f_open            ff.o
    0x08004358   0x08004358   0x0000017c   Code   RO         3403    i.f_read            ff.o
    0x080044d4   0x080044d4   0x0000008e   Code   RO         3407    i.f_sync            ff.o
    0x08004562   0x08004562   0x00000002   PAD
    0x08004564   0x08004564   0x00000288   Code   RO         3411    i.find_volume       ff.o
    0x080047ec   0x080047ec   0x0000007a   Code   RO         3412    i.follow_path       ff.o
    0x08004866   0x08004866   0x000000e8   Code   RO         3413    i.get_fat           ff.o
    0x0800494e   0x0800494e   0x00000004   Code   RO          608    i.get_fattime       fatfs.o
    0x08004952   0x08004952   0x0000003c   Code   RO         3415    i.get_ldnumber      ff.o
    0x0800498e   0x0800498e   0x00000002   PAD
    0x08004990   0x08004990   0x00000080   Code   RO         3416    i.inc_lock          ff.o
    0x08004a10   0x08004a10   0x00000026   Code   RO         3417    i.ld_clust          ff.o
    0x08004a36   0x08004a36   0x00000016   Code   RO         3418    i.ld_dword          ff.o
    0x08004a4c   0x08004a4c   0x0000000a   Code   RO         3419    i.ld_word           ff.o
    0x08004a56   0x08004a56   0x00000002   PAD
    0x08004a58   0x08004a58   0x00000074   Code   RO          218    i.main              main.o
    0x08004acc   0x08004acc   0x00000012   Code   RO         3420    i.mem_cpy           ff.o
    0x08004ade   0x08004ade   0x00000002   PAD
    0x08004ae0   0x08004ae0   0x0000000e   Code   RO         3421    i.mem_set           ff.o
    0x08004aee   0x08004aee   0x00000032   Code   RO         3422    i.move_window       ff.o
    0x08004b20   0x08004b20   0x00000124   Code   RO         3423    i.put_fat           ff.o
    0x08004c44   0x08004c44   0x00000074   Code   RO         3426    i.remove_chain      ff.o
    0x08004cb8   0x08004cb8   0x00000028   Code   RO         3427    i.st_clust          ff.o
    0x08004ce0   0x08004ce0   0x00000010   Code   RO         3428    i.st_dword          ff.o
    0x08004cf0   0x08004cf0   0x00000008   Code   RO         3429    i.st_word           ff.o
    0x08004cf8   0x08004cf8   0x00000088   Code   RO         3430    i.sync_fs           ff.o
    0x08004d80   0x08004d80   0x00000052   Code   RO         3431    i.sync_window       ff.o
    0x08004dd2   0x08004dd2   0x00000034   Code   RO         3432    i.validate          ff.o
    0x08004e06   0x08004e06   0x00000002   PAD
    0x08004e08   0x08004e08   0x00000014   Data   RO          534    .constdata          sd_diskio.o
    0x08004e1c   0x08004e1c   0x00000040   Data   RO         3285    .constdata          system_stm32l4xx.o
    0x08004e5c   0x08004e5c   0x0000009c   Data   RO         3434    .constdata          ff.o
    0x08004ef8   0x08004ef8   0x00000020   Data   RO         3800    Region$$Table       anon$$obj.o


    Execution Region RW_IRAM2 (Exec base: 0x10000000, Load base: 0x08004f5c, Size: 0x00000000, Max: 0x00008000, ABSOLUTE)

    **** No section assigned to this execution region ****


    Execution Region RW_IRAM1 (Exec base: 0x20000000, Load base: 0x08004f18, Size: 0x00002558, Max: 0x00018000, ABSOLUTE)

    Exec Addr    Load Addr    Size         Type   Attr      Idx    E Section Name        Object

    0x20000000   0x08004f18   0x00000004   Data   RW           26    .data               bootloader.o
    0x20000004   0x08004f1c   0x00000001   Data   RW          535    .data               sd_diskio.o
    0x20000005   0x08004f1d   0x00000005   Data   RW          611    .data               fatfs.o
    0x2000000a   0x08004f22   0x00000002   PAD
    0x2000000c   0x08004f24   0x0000000c   Data   RW          807    .data               stm32l4xx_hal.o
    0x20000018   0x08004f30   0x00000020   Data   RW         1778    .data               stm32l4xx_hal_flash.o
    0x20000038   0x08004f50   0x00000004   Data   RW         3287    .data               system_stm32l4xx.o
    0x2000003c   0x08004f54   0x00000008   Data   RW         3435    .data               ff.o
    0x20000044        -       0x00000084   Zero   RW          219    .bss                main.o
    0x200000c8        -       0x00001034   Zero   RW          609    .bss                fatfs.o
    0x200010fc        -       0x00001030   Zero   RW          610    .bss                fatfs.o
    0x2000212c        -       0x00000020   Zero   RW         3433    .bss                ff.o
    0x2000214c        -       0x0000000c   Zero   RW         3712    .bss                ff_gen_drv.o
    0x20002158        -       0x00000400   Zero   RW            1    STACK               startup_stm32l476xx.o


==============================================================================

Image component sizes


      Code (inc. data)   RO Data    RW Data    ZI Data      Debug   Object Name

       872         68          0          4          0     819741   bootloader.o
       228         34          0          0          0       8788   bsp_driver_sd.o
       148         22          0          0          0       3789   diskio.o
        52         14          0          5       8292       1986   fatfs.o
      4578         80        156          8         32      38284   ff.o
       128         10          0          0         12       3011   ff_gen_drv.o
       756         62          0          0        132     798041   main.o
       224         14         20          1          0       8832   sd_diskio.o
        36          8        392          0       1024        844   startup_stm32l476xx.o
       208         30          0         12          0       5454   stm32l4xx_hal.o
       232         14          0          0          0      34717   stm32l4xx_hal_cortex.o
        78          0          0          0          0       1099   stm32l4xx_hal_dma.o
       478         70          0         32          0      24502   stm32l4xx_hal_flash.o
      1442         78          0          0          0       9508   stm32l4xx_hal_flash_ex.o
       982         70          0          0          0       3598   stm32l4xx_hal_gpio.o
       260         42          0          0          0       2226   stm32l4xx_hal_msp.o
       120         20          0          0          0       1386   stm32l4xx_hal_pwr_ex.o
      2128         94          0          0          0       6579   stm32l4xx_hal_rcc.o
      1506         44          0          0          0       4100   stm32l4xx_hal_rcc_ex.o
      3182         40          0          0          0      16683   stm32l4xx_hal_sd.o
        32          6          0          0          0       4646   stm32l4xx_it.o
      1662         46          0          0          0      23975   stm32l4xx_ll_sdmmc.o
        68         12         64          4          0       1237   system_stm32l4xx.o

    ----------------------------------------------------------------------
     19462        878        664         68       9492    1823026   Object Totals
         0          0         32          0          0          0   (incl. Generated)
        62          0          0          2          0          0   (incl. Padding)

    ----------------------------------------------------------------------

      Code (inc. data)   RO Data    RW Data    ZI Data      Debug   Library Member Name

         0          0          0          0          0          0   entry.o
         0          0          0          0          0          0   entry10a.o
         0          0          0          0          0          0   entry11a.o
         8          4          0          0          0          0   entry2.o
         4          0          0          0          0          0   entry5.o
         0          0          0          0          0          0   entry7b.o
         0          0          0          0          0          0   entry8b.o
         8          4          0          0          0          0   entry9a.o
        30          0          0          0          0          0   handlers.o
        36          8          0          0          0         68   init.o
        36          0          0          0          0        108   memseta.o

    ----------------------------------------------------------------------
       122         16          0          0          0        176   Library Totals
         0          0          0          0          0          0   (incl. Padding)

    ----------------------------------------------------------------------

      Code (inc. data)   RO Data    RW Data    ZI Data      Debug   Library Name

       122         16          0          0          0        176   mc_w.l

    ----------------------------------------------------------------------
       122         16          0          0          0        176   Library Totals

    ----------------------------------------------------------------------

==============================================================================


      Code (inc. data)   RO Data    RW Data    ZI Data      Debug   

     19584        894        664         68       9492    1805306   Grand Totals
     19584        894        664         68       9492    1805306   ELF Image Totals
     19584        894        664         68          0          0   ROM Totals

==============================================================================

    Total RO  Size (Code + RO Data)                20248 (  19.77kB)
    Total RW  Size (RW Data + ZI Data)              9560 (   9.34kB)
    Total ROM Size (Code + RO Data + RW Data)      20316 (  19.84kB)

==============================================================================

